tasks.c:747:13:xTaskCreate	56	static
tasks.c:838:13:prvInitialiseNewTask	40	static
tasks.c:1044:13:prvAddNewTaskToReadyList	16	static
tasks.c:1129:7:vTaskDelete	40	static
tasks.c:1221:7:vTaskDelayUntil	48	static
tasks.c:1305:7:vTaskDelay	24	static
tasks.c:1350:13:eTaskGetState	40	static
tasks.c:1442:14:uxTaskPriorityGet	24	static
tasks.c:1464:14:uxTaskPriorityGetFromISR	40	static
tasks.c:1504:7:vTaskPrioritySet	48	static
tasks.c:1668:7:vTaskSuspend	24	static
tasks.c:1769:20:prvTaskIsTaskSuspended	32	static
tasks.c:1815:7:vTaskResume	24	static
tasks.c:1869:13:xTaskResumeFromISR	48	static
tasks.c:1939:6:vTaskStartScheduler	32	static
tasks.c:2061:6:vTaskEndScheduler	16	static
tasks.c:2072:6:vTaskSuspendAll	4	static
tasks.c:2145:12:xTaskResumeAll	24	static
tasks.c:2255:12:xTaskGetTickCount	16	static
tasks.c:2270:12:xTaskGetTickCountFromISR	16	static
tasks.c:2301:13:uxTaskGetNumberOfTasks	4	static
tasks.c:2309:7:pcTaskGetName	24	static
tasks.c:2456:14:uxTaskGetSystemState	32	static
tasks.c:2636:12:xTaskIncrementTick	32	static
tasks.c:2900:6:vTaskSwitchContext	32	static
tasks.c:2973:6:vTaskPlaceOnEventList	24	static
tasks.c:2990:6:vTaskPlaceOnUnorderedEventList	32	static
tasks.c:3016:7:vTaskPlaceOnEventListRestricted	32	static
tasks.c:3047:12:xTaskRemoveFromEventList	32	static
tasks.c:3115:6:vTaskRemoveFromUnorderedEventList	32	static
tasks.c:3149:6:vTaskSetTimeOutState	24	static
tasks.c:3161:6:vTaskInternalSetTimeOutState	16	static
tasks.c:3169:12:xTaskCheckForTimeOut	40	static
tasks.c:3232:6:vTaskMissedYield	4	static
tasks.c:3240:14:uxTaskGetTaskNumber	24	static
tasks.c:3263:7:vTaskSetTaskNumber	24	static
tasks.c:3287:8:prvIdleTask	16	static
tasks.c:3499:13:prvInitialiseTaskLists	16	static
tasks.c:3531:13:prvCheckTasksWaitingTermination	16	static
tasks.c:3562:7:vTaskGetInfo	32	static
tasks.c:3658:21:prvListTasksWithinSingleList	48	static
tasks.c:3691:32:prvTaskCheckFreeStackSpace	24	static
tasks.c:3739:14:prvDeleteTCB	16	static
tasks.c:3793:13:prvResetNextTaskUnblockTime	16	static
tasks.c:3819:15:xTaskGetCurrentTaskHandle	16	static
tasks.c:3836:13:xTaskGetSchedulerState	16	static
tasks.c:3864:13:xTaskPriorityInherit	32	static
tasks.c:3951:13:xTaskPriorityDisinherit	40	static
tasks.c:4031:7:vTaskPriorityDisinheritAfterTimeout	48	static
tasks.c:4446:12:uxTaskResetEventItemValue	16	static
tasks.c:4462:15:pvTaskIncrementMutexHeldCount	4	static
tasks.c:4479:11:ulTaskNotifyTake	24	static
tasks.c:4547:13:xTaskNotifyWait	32	static
tasks.c:4627:13:xTaskGenericNotify	48	static
tasks.c:4741:13:xTaskGenericNotifyFromISR	64	static
tasks.c:4870:7:vTaskNotifyGiveFromISR	48	static
tasks.c:4957:13:xTaskNotifyStateClear	24	static
tasks.c:4987:13:prvAddCurrentTaskToDelayedList	24	static
