Archive member included to satisfy reference by file (symbol)

c:/ac6/systemworkbench/plugins/fr.ac6.mcu.externaltools.arm-none.win32_1.15.0.201708311556/tools/compiler/bin/../lib/gcc/arm-none-eabi/6.3.1/../../../../arm-none-eabi/lib/thumb/v7e-m/fpv4-sp/hard\libm.a(lib_a-s_floor.o)
                              app/src/main.o (floor)
c:/ac6/systemworkbench/plugins/fr.ac6.mcu.externaltools.arm-none.win32_1.15.0.201708311556/tools/compiler/bin/../lib/gcc/arm-none-eabi/6.3.1/../../../../arm-none-eabi/lib/thumb/v7e-m/fpv4-sp/hard\libm.a(lib_a-s_fmax.o)
                              app/src/main.o (fmax)
c:/ac6/systemworkbench/plugins/fr.ac6.mcu.externaltools.arm-none.win32_1.15.0.201708311556/tools/compiler/bin/../lib/gcc/arm-none-eabi/6.3.1/../../../../arm-none-eabi/lib/thumb/v7e-m/fpv4-sp/hard\libm.a(lib_a-s_fmin.o)
                              app/src/main.o (fmin)
c:/ac6/systemworkbench/plugins/fr.ac6.mcu.externaltools.arm-none.win32_1.15.0.201708311556/tools/compiler/bin/../lib/gcc/arm-none-eabi/6.3.1/../../../../arm-none-eabi/lib/thumb/v7e-m/fpv4-sp/hard\libm.a(lib_a-s_fpclassify.o)
                              c:/ac6/systemworkbench/plugins/fr.ac6.mcu.externaltools.arm-none.win32_1.15.0.201708311556/tools/compiler/bin/../lib/gcc/arm-none-eabi/6.3.1/../../../../arm-none-eabi/lib/thumb/v7e-m/fpv4-sp/hard\libm.a(lib_a-s_fmax.o) (__fpclassifyd)
c:/ac6/systemworkbench/plugins/fr.ac6.mcu.externaltools.arm-none.win32_1.15.0.201708311556/tools/compiler/bin/../lib/gcc/arm-none-eabi/6.3.1/thumb/v7e-m/fpv4-sp/hard\libgcc.a(_arm_addsubdf3.o)
                              app/src/main.o (__aeabi_dsub)
c:/ac6/systemworkbench/plugins/fr.ac6.mcu.externaltools.arm-none.win32_1.15.0.201708311556/tools/compiler/bin/../lib/gcc/arm-none-eabi/6.3.1/thumb/v7e-m/fpv4-sp/hard\libgcc.a(_arm_cmpdf2.o)
                              app/src/main.o (__aeabi_dcmplt)
c:/ac6/systemworkbench/plugins/fr.ac6.mcu.externaltools.arm-none.win32_1.15.0.201708311556/tools/compiler/bin/../lib/gcc/arm-none-eabi/6.3.1/thumb/v7e-m/fpv4-sp/hard\libgcc.a(_arm_fixdfsi.o)
                              app/src/main.o (__aeabi_d2iz)
c:/ac6/systemworkbench/plugins/fr.ac6.mcu.externaltools.arm-none.win32_1.15.0.201708311556/tools/compiler/bin/../lib/gcc/arm-none-eabi/6.3.1/thumb/v7e-m/fpv4-sp/hard\libgcc.a(_arm_truncdfsf2.o)
                              app/src/main.o (__aeabi_d2f)
c:/ac6/systemworkbench/plugins/fr.ac6.mcu.externaltools.arm-none.win32_1.15.0.201708311556/tools/compiler/bin/../lib/gcc/arm-none-eabi/6.3.1/../../../../arm-none-eabi/lib/thumb/v7e-m/fpv4-sp/hard\libc.a(lib_a-exit.o)
                              c:/ac6/systemworkbench/plugins/fr.ac6.mcu.externaltools.arm-none.win32_1.15.0.201708311556/tools/compiler/bin/../lib/gcc/arm-none-eabi/6.3.1/../../../../arm-none-eabi/lib/thumb/v7e-m/fpv4-sp/hard/crt0.o (exit)
c:/ac6/systemworkbench/plugins/fr.ac6.mcu.externaltools.arm-none.win32_1.15.0.201708311556/tools/compiler/bin/../lib/gcc/arm-none-eabi/6.3.1/../../../../arm-none-eabi/lib/thumb/v7e-m/fpv4-sp/hard\libc.a(lib_a-impure.o)
                              c:/ac6/systemworkbench/plugins/fr.ac6.mcu.externaltools.arm-none.win32_1.15.0.201708311556/tools/compiler/bin/../lib/gcc/arm-none-eabi/6.3.1/../../../../arm-none-eabi/lib/thumb/v7e-m/fpv4-sp/hard\libc.a(lib_a-exit.o) (_global_impure_ptr)
c:/ac6/systemworkbench/plugins/fr.ac6.mcu.externaltools.arm-none.win32_1.15.0.201708311556/tools/compiler/bin/../lib/gcc/arm-none-eabi/6.3.1/../../../../arm-none-eabi/lib/thumb/v7e-m/fpv4-sp/hard\libc.a(lib_a-init.o)
                              c:/ac6/systemworkbench/plugins/fr.ac6.mcu.externaltools.arm-none.win32_1.15.0.201708311556/tools/compiler/bin/../lib/gcc/arm-none-eabi/6.3.1/../../../../arm-none-eabi/lib/thumb/v7e-m/fpv4-sp/hard/crt0.o (__libc_init_array)
c:/ac6/systemworkbench/plugins/fr.ac6.mcu.externaltools.arm-none.win32_1.15.0.201708311556/tools/compiler/bin/../lib/gcc/arm-none-eabi/6.3.1/../../../../arm-none-eabi/lib/thumb/v7e-m/fpv4-sp/hard\libc.a(lib_a-memset.o)
                              c:/ac6/systemworkbench/plugins/fr.ac6.mcu.externaltools.arm-none.win32_1.15.0.201708311556/tools/compiler/bin/../lib/gcc/arm-none-eabi/6.3.1/../../../../arm-none-eabi/lib/thumb/v7e-m/fpv4-sp/hard/crt0.o (memset)
c:/ac6/systemworkbench/plugins/fr.ac6.mcu.externaltools.arm-none.win32_1.15.0.201708311556/tools/compiler/bin/../lib/gcc/arm-none-eabi/6.3.1/../../../../arm-none-eabi/lib/thumb/v7e-m/fpv4-sp/hard\libc.a(lib_a-reent.o)
                              app/src/syscalls.o (errno)
c:/ac6/systemworkbench/plugins/fr.ac6.mcu.externaltools.arm-none.win32_1.15.0.201708311556/tools/compiler/bin/../lib/gcc/arm-none-eabi/6.3.1/../../../../arm-none-eabi/lib/thumb/v7e-m/fpv4-sp/hard\libc.a(lib_a-__call_atexit.o)
[...]
Memory Configuration

Name             Origin             Length             Attributes
RAM              0x20000000         0x00030000         xrw
ROM              0x08000000         0x00200000         xr
*default*        0x00000000         0xffffffff

Linker script and memory map

LOAD c:/ac6/systemworkbench/plugins/fr.ac6.mcu.externaltools.arm-none.win32_1.15.0.201708311556/tools/compiler/bin/../lib/gcc/arm-none-eabi/6.3.1/thumb/v7e-m/fpv4-sp/hard/crti.o
LOAD c:/ac6/systemworkbench/plugins/fr.ac6.mcu.externaltools.arm-none.win32_1.15.0.201708311556/tools/compiler/bin/../lib/gcc/arm-none-eabi/6.3.1/thumb/v7e-m/fpv4-sp/hard/crtbegin.o
LOAD c:/ac6/systemworkbench/plugins/fr.ac6.mcu.externaltools.arm-none.win32_1.15.0.201708311556/tools/compiler/bin/../lib/gcc/arm-none-eabi/6.3.1/../../../../arm-none-eabi/lib/thumb/v7e-m/fpv4-sp/hard/crt0.o
LOAD .metadata/.plugins/org.eclipse.cdt.make.core/specs.o
LOAD Control_Leg/src/PWM.o
LOAD Control_Leg/src/Sampler.o
LOAD app/src/delay.o
LOAD app/src/main.o
LOAD app/src/printf-stdarg.o
LOAD app/src/syscalls.o
LOAD bsp/src/bsp.o
LOAD cmsis/device/src/startup_stm32f429xx.o
LOAD cmsis/device/src/system_stm32f4xx.o
LOAD encoder_lib/src/can_fct.o
LOAD encoder_lib/src/encoder_fct.o
LOAD encoder_lib/src/stm32f4xx_can.o
LOAD encoder_lib/src/stm32f4xx_gpio.o
LOAD c:/ac6/systemworkbench/plugins/fr.ac6.mcu.externaltools.arm-none.win32_1.15.0.201708311556/tools/compiler/bin/../lib/gcc/arm-none-eabi/6.3.1/../../../../arm-none-eabi/lib/thumb/v7e-m/fpv4-sp/hard\libm.a
START GROUP
LOAD c:/ac6/systemworkbench/plugins/fr.ac6.mcu.externaltools.arm-none.win32_1.15.0.201708311556/tools/compiler/bin/../lib/gcc/arm-none-eabi/6.3.1/thumb/v7e-m/fpv4-sp/hard\libgcc.a
LOAD c:/ac6/systemworkbench/plugins/fr.ac6.mcu.externaltools.arm-none.win32_1.15.0.201708311556/tools/compiler/bin/../lib/gcc/arm-none-eabi/6.3.1/../../../../arm-none-eabi/lib/thumb/v7e-m/fpv4-sp/hard\libc.a
END GROUP
LOAD c:/ac6/systemworkbench/plugins/fr.ac6.mcu.externaltools.arm-none.win32_1.15.0.201708311556/tools/compiler/bin/../lib/gcc/arm-none-eabi/6.3.1/thumb/v7e-m/fpv4-sp/hard/crtend.o
LOAD c:/ac6/systemworkbench/plugins/fr.ac6.mcu.externaltools.arm-none.win32_1.15.0.201708311556/tools/compiler/bin/../lib/gcc/arm-none-eabi/6.3.1/thumb/v7e-m/fpv4-sp/hard/crtn.o
                0x20030000                _estack = 0x20030000
                0x00000000                _Min_Heap_Size = 0x0
                0x00000400                _Min_Stack_Size = 0x400

.isr_vector     0x08000000      0x1ac
                0x08000000                . = ALIGN (0x4)
 *(.isr_vector)
 .isr_vector    0x08000000      0x1ac cmsis/device/src/startup_stm32f429xx.o
                0x08000000                g_pfnVectors
                0x080001ac                . = ALIGN (0x4)

.text           0x080001b0     0x309c
                0x080001b0                . = ALIGN (0x4)
 *(.text)
 .text          0x080001b0       0x6c c:/ac6/systemworkbench/plugins/fr.ac6.mcu.externaltools.arm-none.win32_1.15.0.201708311556/tools/compiler/bin/../lib/gcc/arm-none-eabi/6.3.1/thumb/v7e-m/fpv4-sp/hard/crtbegin.o
 .text          0x0800021c      0x370 c:/ac6/systemworkbench/plugins/fr.ac6.mcu.externaltools.arm-none.win32_1.15.0.201708311556/tools/compiler/bin/../lib/gcc/arm-none-eabi/6.3.1/thumb/v7e-m/fpv4-sp/hard\libgcc.a(_arm_addsubdf3.o)
                0x0800021c                __aeabi_drsub
                0x08000224                __aeabi_dsub
                0x08000224                __subdf3
                0x08000228                __aeabi_dadd
                0x08000228                __adddf3
                0x080004a0                __floatunsidf
                0x080004a0                __aeabi_ui2d
                0x080004c0                __floatsidf
                0x080004c0                __aeabi_i2d
                0x080004e4                __aeabi_f2d
                0x080004e4                __extendsfdf2
                0x08000520                __floatundidf
                0x08000520                __aeabi_ul2d
                0x08000530                __floatdidf
                0x08000530                __aeabi_l2d
 .text          0x0800058c      0x110 c:/ac6/systemworkbench/plugins/fr.ac6.mcu.externaltools.arm-none.win32_1.15.0.201708311556/tools/compiler/bin/../lib/gcc/arm-none-eabi/6.3.1/thumb/v7e-m/fpv4-sp/hard\libgcc.a(_arm_cmpdf2.o)
                0x0800058c                __gtdf2
                0x0800058c                __gedf2
                0x08000594                __ltdf2
                0x08000594                __ledf2
                0x0800059c                __nedf2
                0x0800059c                __eqdf2
                0x0800059c                __cmpdf2
                0x08000618                __aeabi_cdrcmple
                0x08000628                __aeabi_cdcmpeq
                0x08000628                __aeabi_cdcmple
                0x08000638                __aeabi_dcmpeq
                0x0800064c                __aeabi_dcmplt
                0x08000660                __aeabi_dcmple
                0x08000674                __aeabi_dcmpge
                0x08000688                __aeabi_dcmpgt
 .text          0x0800069c       0x50 c:/ac6/systemworkbench/plugins/fr.ac6.mcu.externaltools.arm-none.win32_1.15.0.201708311556/tools/compiler/bin/../lib/gcc/arm-none-eabi/6.3.1/thumb/v7e-m/fpv4-sp/hard\libgcc.a(_arm_fixdfsi.o)
                0x0800069c                __aeabi_d2iz
                0x0800069c                __fixdfsi
 .text          0x080006ec       0xa0 c:/ac6/systemworkbench/plugins/fr.ac6.mcu.externaltools.arm-none.win32_1.15.0.201708311556/tools/compiler/bin/../lib/gcc/arm-none-eabi/6.3.1/thumb/v7e-m/fpv4-sp/hard\libgcc.a(_arm_truncdfsf2.o)
                0x080006ec                __truncdfsf2
                0x080006ec                __aeabi_d2f
 *(.text*)
 .text.Motor1234_PWM_Init
                0x0800078c      0x110 Control_Leg/src/PWM.o
                0x0800078c                Motor1234_PWM_Init
 .text.NVIC_EnableIRQ
                0x0800089c       0x34 Control_Leg/src/Sampler.o
 .text.NVIC_SetPriority
                0x080008d0       0x54 Control_Leg/src/Sampler.o
 .text.TIM3_Init
                0x08000924       0x64 Control_Leg/src/Sampler.o
                0x08000924                TIM3_Init
 .text.NVIC_SetPriority
                0x08000988       0x54 app/src/delay.o
 .text.SysTick_Config
                0x080009dc       0x44 app/src/delay.o
 .text.SysTick_Init
                0x08000a20       0x30 app/src/delay.o
                0x08000a20                SysTick_Init
 .text.SysTick_Handler
                0x08000a50       0x24 app/src/delay.o
                0x08000a50                SysTick_Handler
 .text.delay_ms
                0x08000a74       0x28 app/src/delay.o
                0x08000a74                delay_ms
 .text.set_motor
                0x08000a9c      0x1c8 app/src/main.o
                0x08000a9c                set_motor
 *fill*         0x08000c64        0x4 
 .text.get_duty
                0x08000c68      0x188 app/src/main.o
                0x08000c68                get_duty
 .text.main     0x08000df0      0x40c app/src/main.o
                0x08000df0                main
 .text.TIM3_IRQHandler
                0x080011fc       0x3c app/src/main.o
                0x080011fc                TIM3_IRQHandler
 .text.EXTI15_10_IRQHandler
                0x08001238       0x30 app/src/main.o
                0x08001238                EXTI15_10_IRQHandler
 .text.DMA1_Stream1_IRQHandler
                0x08001268       0x50 app/src/main.o
                0x08001268                DMA1_Stream1_IRQHandler
 .text.SystemClock_Config
                0x080012b8      0x118 app/src/main.o
 .text.printchar
                0x080013d0       0x4c app/src/printf-stdarg.o
 .text.prints   0x0800141c       0xb0 app/src/printf-stdarg.o
 .text.printi   0x080014cc       0xd8 app/src/printf-stdarg.o
 .text.print    0x080015a4      0x1c4 app/src/printf-stdarg.o
 .text.my_printf
                0x08001768       0x28 app/src/printf-stdarg.o
                0x08001768                my_printf
 .text.NVIC_EnableIRQ
                0x08001790       0x34 bsp/src/bsp.o
 .text.NVIC_SetPriority
                0x080017c4       0x54 bsp/src/bsp.o
 .text.BSP_LED_Init
                0x08001818       0x54 bsp/src/bsp.o
                0x08001818                BSP_LED_Init
 .text.BSP_PB_Init
                0x0800186c       0x90 bsp/src/bsp.o
                0x0800186c                BSP_PB_Init
 .text.BSP_ADC_Init
                0x080018fc      0x198 bsp/src/bsp.o
                0x080018fc                BSP_ADC_Init
 .text.BSP_LED_On
                0x08001a94       0x54 bsp/src/bsp.o
                0x08001a94                BSP_LED_On
 .text.BSP_USART_PC_Init
                0x08001ae8      0x148 bsp/src/bsp.o
                0x08001ae8                BSP_USART_PC_Init
 .text.Reset_Handler
                0x08001c30       0x50 cmsis/device/src/startup_stm32f429xx.o
                0x08001c30                Reset_Handler
 .text.Default_Handler
                0x08001c80        0x2 cmsis/device/src/startup_stm32f429xx.o
                0x08001c80                RTC_Alarm_IRQHandler
                0x08001c80                HASH_RNG_IRQHandler
                0x08001c80                EXTI2_IRQHandler
                0x08001c80                TIM8_CC_IRQHandler
                0x08001c80                DebugMon_Handler
                0x08001c80                UART8_IRQHandler
                0x08001c80                SPI4_IRQHandler
                0x08001c80                TIM1_CC_IRQHandler
                0x08001c80                DMA2_Stream5_IRQHandler
                0x08001c80                HardFault_Handler
                0x08001c80                DMA1_Stream5_IRQHandler
                0x08001c80                PVD_IRQHandler
                0x08001c80                SDIO_IRQHandler
                0x08001c80                TAMP_STAMP_IRQHandler
                0x08001c80                PendSV_Handler
                0x08001c80                NMI_Handler
                0x08001c80                CAN2_RX1_IRQHandler
                0x08001c80                EXTI3_IRQHandler
                0x08001c80                TIM8_TRG_COM_TIM14_IRQHandler
                0x08001c80                TIM1_UP_TIM10_IRQHandler
                0x08001c80                TIM8_UP_TIM13_IRQHandler
                0x08001c80                I2C3_ER_IRQHandler
                0x08001c80                EXTI0_IRQHandler
                0x08001c80                I2C2_EV_IRQHandler
                0x08001c80                DMA1_Stream2_IRQHandler
                0x08001c80                CAN1_RX0_IRQHandler
                0x08001c80                FPU_IRQHandler
                0x08001c80                OTG_HS_WKUP_IRQHandler
                0x08001c80                UsageFault_Handler
                0x08001c80                LTDC_ER_IRQHandler
                0x08001c80                CAN2_SCE_IRQHandler
                0x08001c80                DMA2_Stream2_IRQHandler
                0x08001c80                SPI1_IRQHandler
                0x08001c80                TIM6_DAC_IRQHandler
                0x08001c80                TIM1_BRK_TIM9_IRQHandler
                0x08001c80                DCMI_IRQHandler
                0x08001c80                CAN2_RX0_IRQHandler
                0x08001c80                DMA2_Stream3_IRQHandler
                0x08001c80                USART6_IRQHandler
                0x08001c80                USART3_IRQHandler
                0x08001c80                CAN1_RX1_IRQHandler
                0x08001c80                UART5_IRQHandler
                0x08001c80                DMA2_Stream0_IRQHandler
                0x08001c80                TIM4_IRQHandler
                0x08001c80                I2C1_EV_IRQHandler
                0x08001c80                DMA1_Stream6_IRQHandler
                0x08001c80                UART4_IRQHandler
                0x08001c80                RCC_IRQHandler
                0x08001c80                TIM8_BRK_TIM12_IRQHandler
                0x08001c80                Default_Handler
                0x08001c80                ADC_IRQHandler
                0x08001c80                DMA1_Stream7_IRQHandler
                0x08001c80                SPI5_IRQHandler
                0x08001c80                TIM7_IRQHandler
                0x08001c80                CAN2_TX_IRQHandler
                0x08001c80                TIM5_IRQHandler
                0x08001c80                DMA2_Stream7_IRQHandler
                0x08001c80                I2C3_EV_IRQHandler
                0x08001c80                EXTI9_5_IRQHandler
                0x08001c80                RTC_WKUP_IRQHandler
                0x08001c80                LTDC_IRQHandler
                0x08001c80                ETH_WKUP_IRQHandler
                0x08001c80                SPI2_IRQHandler
                0x08001c80                OTG_HS_EP1_IN_IRQHandler
                0x08001c80                MemManage_Handler
                0x08001c80                DMA1_Stream0_IRQHandler
                0x08001c80                CAN1_TX_IRQHandler
                0x08001c80                SVC_Handler
                0x08001c80                EXTI4_IRQHandler
                0x08001c80                ETH_IRQHandler
                0x08001c80                OTG_HS_EP1_OUT_IRQHandler
                0x08001c80                WWDG_IRQHandler
                0x08001c80                SPI6_IRQHandler
                0x08001c80                TIM2_IRQHandler
                0x08001c80                OTG_FS_WKUP_IRQHandler
                0x08001c80                TIM1_TRG_COM_TIM11_IRQHandler
                0x08001c80                OTG_HS_IRQHandler
                0x08001c80                DMA2D_IRQHandler
                0x08001c80                EXTI1_IRQHandler
                0x08001c80                UART7_IRQHandler
                0x08001c80                USART2_IRQHandler
                0x08001c80                I2C2_ER_IRQHandler
                0x08001c80                DMA2_Stream1_IRQHandler
                0x08001c80                CAN1_SCE_IRQHandler
                0x08001c80                FLASH_IRQHandler
                0x08001c80                DMA2_Stream4_IRQHandler
                0x08001c80                BusFault_Handler
                0x08001c80                USART1_IRQHandler
                0x08001c80                OTG_FS_IRQHandler
                0x08001c80                SPI3_IRQHandler
                0x08001c80                DMA1_Stream4_IRQHandler
                0x08001c80                I2C1_ER_IRQHandler
                0x08001c80                FMC_IRQHandler
                0x08001c80                DMA2_Stream6_IRQHandler
                0x08001c80                SAI1_IRQHandler
                0x08001c80                DMA1_Stream3_IRQHandler
 *fill*         0x08001c82        0x2 
 .text.SystemInit
                0x08001c84       0x6c cmsis/device/src/system_stm32f4xx.o
                0x08001c84                SystemInit
 .text.SystemCoreClockUpdate
                0x08001cf0       0xf4 cmsis/device/src/system_stm32f4xx.o
                0x08001cf0                SystemCoreClockUpdate
 .text.CAN_BaudRate_Init
                0x08001de4       0xe0 encoder_lib/src/can_fct.o
                0x08001de4                CAN_BaudRate_Init
 .text.CAN1_GPIO_Config
                0x08001ec4       0xd8 encoder_lib/src/can_fct.o
                0x08001ec4                CAN1_GPIO_Config
 .text.CAN2_GPIO_Config
                0x08001f9c       0xd8 encoder_lib/src/can_fct.o
                0x08001f9c                CAN2_GPIO_Config
 .text.CAN_Filter_Config
                0x08002074       0x54 encoder_lib/src/can_fct.o
                0x08002074                CAN_Filter_Config
 .text.CAN_Config
                0x080020c8       0x6c encoder_lib/src/can_fct.o
                0x080020c8                CAN_Config
 .text.write_msg
                0x08002134       0xf4 encoder_lib/src/can_fct.o
                0x08002134                write_msg
 .text.read_msg
                0x08002228       0x84 encoder_lib/src/can_fct.o
                0x08002228                read_msg
 .text.print_msgTX
                0x080022ac       0x60 encoder_lib/src/can_fct.o
                0x080022ac                print_msgTX
 .text.print_msgRX
                0x0800230c       0x60 encoder_lib/src/can_fct.o
                0x0800230c                print_msgRX
 .text.mode_Operationnel
                0x0800236c       0x54 encoder_lib/src/encoder_fct.o
                0x0800236c                mode_Operationnel
 .text.mode_Pre_Operationnel
                0x080023c0       0x30 encoder_lib/src/encoder_fct.o
                0x080023c0                mode_Pre_Operationnel
 .text.reset_Encoder
                0x080023f0       0x30 encoder_lib/src/encoder_fct.o
                0x080023f0                reset_Encoder
 .text.SDO_WriteAccess
                0x08002420       0xc0 encoder_lib/src/encoder_fct.o
                0x08002420                SDO_WriteAccess
 .text.SDO_ReadAccess
                0x080024e0       0x50 encoder_lib/src/encoder_fct.o
                0x080024e0                SDO_ReadAccess
 .text.save_all
                0x08002530       0x3c encoder_lib/src/encoder_fct.o
                0x08002530                save_all
 .text.get_2Angles
                0x0800256c       0xb2 encoder_lib/src/encoder_fct.o
                0x0800256c                get_2Angles
 *fill*         0x0800261e        0x2 
 .text.conv_AngleInDegree
                0x08002620       0x38 encoder_lib/src/encoder_fct.o
                0x08002620                conv_AngleInDegree
 .text.reset_Position
                0x08002658       0x4a encoder_lib/src/encoder_fct.o
                0x08002658                reset_Position
 *fill*         0x080026a2        0x2 
 .text.reset_4Positions
                0x080026a4       0x30 encoder_lib/src/encoder_fct.o
                0x080026a4                reset_4Positions
 .text.CAN_DeInit
                0x080026d4       0x58 encoder_lib/src/stm32f4xx_can.o
                0x080026d4                CAN_DeInit
 .text.CAN_FilterInit
                0x0800272c      0x2d4 encoder_lib/src/stm32f4xx_can.o
                0x0800272c                CAN_FilterInit
 .text.CAN_Transmit
                0x08002a00      0x19c encoder_lib/src/stm32f4xx_can.o
                0x08002a00                CAN_Transmit
 .text.CAN_TransmitStatus
                0x08002b9c       0xd4 encoder_lib/src/stm32f4xx_can.o
                0x08002b9c                CAN_TransmitStatus
 .text.CAN_Receive
                0x08002c70      0x17c encoder_lib/src/stm32f4xx_can.o
                0x08002c70                CAN_Receive
 .text.CAN_FIFORelease
                0x08002dec       0x38 encoder_lib/src/stm32f4xx_can.o
                0x08002dec                CAN_FIFORelease
 .text.CAN_MessagePending
                0x08002e24       0x4a encoder_lib/src/stm32f4xx_can.o
                0x08002e24                CAN_MessagePending
 *fill*         0x08002e6e        0x2 
 .text.floor    0x08002e70      0x120 c:/ac6/systemworkbench/plugins/fr.ac6.mcu.externaltools.arm-none.win32_1.15.0.201708311556/tools/compiler/bin/../lib/gcc/arm-none-eabi/6.3.1/../../../../arm-none-eabi/lib/thumb/v7e-m/fpv4-sp/hard\libm.a(lib_a-s_floor.o)
                0x08002e70                floor
 .text.fmax     0x08002f90       0x58 c:/ac6/systemworkbench/plugins/fr.ac6.mcu.externaltools.arm-none.win32_1.15.0.201708311556/tools/compiler/bin/../lib/gcc/arm-none-eabi/6.3.1/../../../../arm-none-eabi/lib/thumb/v7e-m/fpv4-sp/hard\libm.a(lib_a-s_fmax.o)
                0x08002f90                fmax
 .text.fmin     0x08002fe8       0x58 c:/ac6/systemworkbench/plugins/fr.ac6.mcu.externaltools.arm-none.win32_1.15.0.201708311556/tools/compiler/bin/../lib/gcc/arm-none-eabi/6.3.1/../../../../arm-none-eabi/lib/thumb/v7e-m/fpv4-sp/hard\libm.a(lib_a-s_fmin.o)
                0x08002fe8                fmin
 .text.__fpclassifyd
                0x08003040       0x84 c:/ac6/systemworkbench/plugins/fr.ac6.mcu.externaltools.arm-none.win32_1.15.0.201708311556/tools/compiler/bin/../lib/gcc/arm-none-eabi/6.3.1/../../../../arm-none-eabi/lib/thumb/v7e-m/fpv4-sp/hard\libm.a(lib_a-s_fpclassify.o)
                0x08003040                __fpclassifyd
 .text.__libc_init_array
                0x080030c4       0x50 c:/ac6/systemworkbench/plugins/fr.ac6.mcu.externaltools.arm-none.win32_1.15.0.201708311556/tools/compiler/bin/../lib/gcc/arm-none-eabi/6.3.1/../../../../arm-none-eabi/lib/thumb/v7e-m/fpv4-sp/hard\libc.a(lib_a-init.o)
                0x080030c4                __libc_init_array
 .text.startup.register_fini
                0x08003114       0x14 c:/ac6/systemworkbench/plugins/fr.ac6.mcu.externaltools.arm-none.win32_1.15.0.201708311556/tools/compiler/bin/../lib/gcc/arm-none-eabi/6.3.1/../../../../arm-none-eabi/lib/thumb/v7e-m/fpv4-sp/hard\libc.a(lib_a-__call_atexit.o)
 .text.atexit   0x08003128        0xc c:/ac6/systemworkbench/plugins/fr.ac6.mcu.externaltools.arm-none.win32_1.15.0.201708311556/tools/compiler/bin/../lib/gcc/arm-none-eabi/6.3.1/../../../../arm-none-eabi/lib/thumb/v7e-m/fpv4-sp/hard\libc.a(lib_a-atexit.o)
                0x08003128                atexit
 .text.__libc_fini_array
                0x08003134       0x34 c:/ac6/systemworkbench/plugins/fr.ac6.mcu.externaltools.arm-none.win32_1.15.0.201708311556/tools/compiler/bin/../lib/gcc/arm-none-eabi/6.3.1/../../../../arm-none-eabi/lib/thumb/v7e-m/fpv4-sp/hard\libc.a(lib_a-fini.o)
                0x08003134                __libc_fini_array
 .text.__retarget_lock_acquire_recursive
                0x08003168        0x4 c:/ac6/systemworkbench/plugins/fr.ac6.mcu.externaltools.arm-none.win32_1.15.0.201708311556/tools/compiler/bin/../lib/gcc/arm-none-eabi/6.3.1/../../../../arm-none-eabi/lib/thumb/v7e-m/fpv4-sp/hard\libc.a(lib_a-lock.o)
                0x08003168                __retarget_lock_acquire_recursive
 .text.__retarget_lock_release_recursive
                0x0800316c        0x4 c:/ac6/systemworkbench/plugins/fr.ac6.mcu.externaltools.arm-none.win32_1.15.0.201708311556/tools/compiler/bin/../lib/gcc/arm-none-eabi/6.3.1/../../../../arm-none-eabi/lib/thumb/v7e-m/fpv4-sp/hard\libc.a(lib_a-lock.o)
                0x0800316c                __retarget_lock_release_recursive
 .text.__register_exitproc
                0x08003170       0xc4 c:/ac6/systemworkbench/plugins/fr.ac6.mcu.externaltools.arm-none.win32_1.15.0.201708311556/tools/compiler/bin/../lib/gcc/arm-none-eabi/6.3.1/../../../../arm-none-eabi/lib/thumb/v7e-m/fpv4-sp/hard\libc.a(lib_a-__atexit.o)
                0x08003170                __register_exitproc
 *(.glue_7)
 .glue_7        0x08003234        0x0 linker stubs
 *(.glue_7t)
 .glue_7t       0x08003234        0x0 linker stubs
 *(.eh_frame)
 .eh_frame      0x08003234        0x0 c:/ac6/systemworkbench/plugins/fr.ac6.mcu.externaltools.arm-none.win32_1.15.0.201708311556/tools/compiler/bin/../lib/gcc/arm-none-eabi/6.3.1/thumb/v7e-m/fpv4-sp/hard/crtbegin.o
 *(.init)
 .init          0x08003234        0x4 c:/ac6/systemworkbench/plugins/fr.ac6.mcu.externaltools.arm-none.win32_1.15.0.201708311556/tools/compiler/bin/../lib/gcc/arm-none-eabi/6.3.1/thumb/v7e-m/fpv4-sp/hard/crti.o
                0x08003234                _init
 .init          0x08003238        0x8 c:/ac6/systemworkbench/plugins/fr.ac6.mcu.externaltools.arm-none.win32_1.15.0.201708311556/tools/compiler/bin/../lib/gcc/arm-none-eabi/6.3.1/thumb/v7e-m/fpv4-sp/hard/crtn.o
 *(.fini)
 .fini          0x08003240        0x4 c:/ac6/systemworkbench/plugins/fr.ac6.mcu.externaltools.arm-none.win32_1.15.0.201708311556/tools/compiler/bin/../lib/gcc/arm-none-eabi/6.3.1/thumb/v7e-m/fpv4-sp/hard/crti.o
                0x08003240                _fini
 .fini          0x08003244        0x8 c:/ac6/systemworkbench/plugins/fr.ac6.mcu.externaltools.arm-none.win32_1.15.0.201708311556/tools/compiler/bin/../lib/gcc/arm-none-eabi/6.3.1/thumb/v7e-m/fpv4-sp/hard/crtn.o
                0x0800324c                . = ALIGN (0x4)
                0x0800324c                _etext = .

.vfp11_veneer   0x0800324c        0x0
 .vfp11_veneer  0x0800324c        0x0 linker stubs

.v4_bx          0x0800324c        0x0
 .v4_bx         0x0800324c        0x0 linker stubs

.iplt           0x0800324c        0x0
 .iplt          0x0800324c        0x0 c:/ac6/systemworkbench/plugins/fr.ac6.mcu.externaltools.arm-none.win32_1.15.0.201708311556/tools/compiler/bin/../lib/gcc/arm-none-eabi/6.3.1/thumb/v7e-m/fpv4-sp/hard/crtbegin.o

.rodata         0x08003250     0x22a4
                0x08003250                . = ALIGN (0x4)
 *(.rodata)
 .rodata        0x08003250     0x2039 app/src/main.o
                0x08003250                close_angle
                0x08003258                duty_max
                0x0800325a                duty_min
                0x0800325c                size_duty_table
                0x08003260                duty
 *fill*         0x08005289        0x3 
 .rodata        0x0800528c        0x7 app/src/printf-stdarg.o
 *fill*         0x08005293        0x1 
 .rodata        0x08005294       0x10 cmsis/device/src/system_stm32f4xx.o
                0x08005294                AHBPrescTable
 .rodata        0x080052a4       0x26 encoder_lib/src/can_fct.o
 *fill*         0x080052ca        0x2 
 .rodata        0x080052cc      0x224 encoder_lib/src/encoder_fct.o
 *(.rodata*)
 .rodata._global_impure_ptr
                0x080054f0        0x4 c:/ac6/systemworkbench/plugins/fr.ac6.mcu.externaltools.arm-none.win32_1.15.0.201708311556/tools/compiler/bin/../lib/gcc/arm-none-eabi/6.3.1/../../../../arm-none-eabi/lib/thumb/v7e-m/fpv4-sp/hard\libc.a(lib_a-impure.o)
                0x080054f0                _global_impure_ptr
                0x080054f4                . = ALIGN (0x4)

.rel.dyn        0x080054f4        0x0
 .rel.iplt      0x080054f4        0x0 c:/ac6/systemworkbench/plugins/fr.ac6.mcu.externaltools.arm-none.win32_1.15.0.201708311556/tools/compiler/bin/../lib/gcc/arm-none-eabi/6.3.1/thumb/v7e-m/fpv4-sp/hard/crtbegin.o

.ARM.extab      0x080054f4        0x0
                0x080054f4                . = ALIGN (0x4)
 *(.ARM.extab* .gnu.linkonce.armextab.*)
                0x080054f4                . = ALIGN (0x4)

.ARM            0x080054f4        0x0
                0x080054f4                . = ALIGN (0x4)
                0x080054f4                __exidx_start = .
 *(.ARM.exidx*)
                0x080054f4                __exidx_end = .
                0x080054f4                . = ALIGN (0x4)

.preinit_array  0x080054f4        0x0
                0x080054f4                . = ALIGN (0x4)
                0x080054f4                PROVIDE (__preinit_array_start, .)
 *(.preinit_array*)
                0x080054f4                PROVIDE (__preinit_array_end, .)
                0x080054f4                . = ALIGN (0x4)

.init_array     0x080054f4        0x8
                0x080054f4                . = ALIGN (0x4)
                0x080054f4                PROVIDE (__init_array_start, .)
 *(SORT(.init_array.*))
 .init_array.00000
                0x080054f4        0x4 c:/ac6/systemworkbench/plugins/fr.ac6.mcu.externaltools.arm-none.win32_1.15.0.201708311556/tools/compiler/bin/../lib/gcc/arm-none-eabi/6.3.1/../../../../arm-none-eabi/lib/thumb/v7e-m/fpv4-sp/hard\libc.a(lib_a-__call_atexit.o)
 *(.init_array*)
 .init_array    0x080054f8        0x4 c:/ac6/systemworkbench/plugins/fr.ac6.mcu.externaltools.arm-none.win32_1.15.0.201708311556/tools/compiler/bin/../lib/gcc/arm-none-eabi/6.3.1/thumb/v7e-m/fpv4-sp/hard/crtbegin.o
                0x080054fc                PROVIDE (__init_array_end, .)
                0x080054fc                . = ALIGN (0x4)

.fini_array     0x080054fc        0x4
                0x080054fc                . = ALIGN (0x4)
                0x080054fc                PROVIDE (__fini_array_start, .)
 *(SORT(.fini_array.*))
 *(.fini_array*)
 .fini_array    0x080054fc        0x4 c:/ac6/systemworkbench/plugins/fr.ac6.mcu.externaltools.arm-none.win32_1.15.0.201708311556/tools/compiler/bin/../lib/gcc/arm-none-eabi/6.3.1/thumb/v7e-m/fpv4-sp/hard/crtbegin.o
                0x08005500                PROVIDE (__fini_array_end, .)
                0x08005500                . = ALIGN (0x4)
                0x08005500                _sidata = LOADADDR (.data)

.data           0x20000000      0xc24 load address 0x08005500
                0x20000000                . = ALIGN (0x4)
                0x20000000                _sdata = .
 *(.data)
 .data          0x20000000      0x7f4 app/src/main.o
                0x20000000                printed
                0x20000004                consigne
                0x20000014                marche
 .data          0x200007f4        0x4 cmsis/device/src/system_stm32f4xx.o
                0x200007f4                SystemCoreClock
 *(.data*)
 .data.impure_data
                0x200007f8      0x428 c:/ac6/systemworkbench/plugins/fr.ac6.mcu.externaltools.arm-none.win32_1.15.0.201708311556/tools/compiler/bin/../lib/gcc/arm-none-eabi/6.3.1/../../../../arm-none-eabi/lib/thumb/v7e-m/fpv4-sp/hard\libc.a(lib_a-impure.o)
 .data.__atexit_recursive_mutex
                0x20000c20        0x4 c:/ac6/systemworkbench/plugins/fr.ac6.mcu.externaltools.arm-none.win32_1.15.0.201708311556/tools/compiler/bin/../lib/gcc/arm-none-eabi/6.3.1/../../../../arm-none-eabi/lib/thumb/v7e-m/fpv4-sp/hard\libc.a(lib_a-__call_atexit.o)
                0x20000c20                __atexit_recursive_mutex
                0x20000c24                . = ALIGN (0x4)
                0x20000c24                _edata = .

.jcr            0x20000c24        0x0 load address 0x08006124
 .jcr           0x20000c24        0x0 c:/ac6/systemworkbench/plugins/fr.ac6.mcu.externaltools.arm-none.win32_1.15.0.201708311556/tools/compiler/bin/../lib/gcc/arm-none-eabi/6.3.1/thumb/v7e-m/fpv4-sp/hard/crtbegin.o

.igot.plt       0x20000c24        0x0 load address 0x08006124
 .igot.plt      0x20000c24        0x0 c:/ac6/systemworkbench/plugins/fr.ac6.mcu.externaltools.arm-none.win32_1.15.0.201708311556/tools/compiler/bin/../lib/gcc/arm-none-eabi/6.3.1/thumb/v7e-m/fpv4-sp/hard/crtbegin.o
                0x20000c24                . = ALIGN (0x4)

.bss            0x20000c24       0xb0 load address 0x08006124
                0x20000c24                _sbss = .
                0x20000c24                __bss_start__ = _sbss
 *(.bss)
 .bss           0x20000c24       0x1c c:/ac6/systemworkbench/plugins/fr.ac6.mcu.externaltools.arm-none.win32_1.15.0.201708311556/tools/compiler/bin/../lib/gcc/arm-none-eabi/6.3.1/thumb/v7e-m/fpv4-sp/hard/crtbegin.o
 .bss           0x20000c40        0x4 app/src/delay.o
 .bss           0x20000c44       0x2b app/src/main.o
                0x20000c44                q0
                0x20000c48                q1
                0x20000c4c                q2
                0x20000c50                q3
                0x20000c54                qanc
                0x20000c58                arrive
                0x20000c68                var
                0x20000c6c                sample_interrupt
                0x20000c6d                PB_interrupt
                0x20000c6e                com_pc
 *(.bss*)
 *(COMMON)
 *fill*         0x20000c6f        0x1 
 COMMON         0x20000c70       0x18 app/src/main.o
                0x20000c70                pb_state
                0x20000c74                adc_buffer
                0x20000c7c                qs
                0x20000c80                matlab_rx_buffer
 COMMON         0x20000c88       0x28 encoder_lib/src/can_fct.o
                0x20000c88                TxMessage
                0x20000c9c                RxMessage
 COMMON         0x20000cb0       0x21 c:/ac6/systemworkbench/plugins/fr.ac6.mcu.externaltools.arm-none.win32_1.15.0.201708311556/tools/compiler/bin/../lib/gcc/arm-none-eabi/6.3.1/../../../../arm-none-eabi/lib/thumb/v7e-m/fpv4-sp/hard\libc.a(lib_a-lock.o)
                0x20000cb0                __lock___atexit_recursive_mutex
                0x20000cb4                __lock___arc4random_mutex
                0x20000cb8                __lock___env_recursive_mutex
                0x20000cbc                __lock___sinit_recursive_mutex
                0x20000cc0                __lock___malloc_recursive_mutex
                0x20000cc4                __lock___at_quick_exit_mutex
                0x20000cc8                __lock___dd_hash_mutex
                0x20000ccc                __lock___tz_mutex
                0x20000cd0                __lock___sfp_recursive_mutex
                0x20000cd4                . = ALIGN (0x4)
 *fill*         0x20000cd1        0x3 
                0x20000cd4                _ebss = .
                0x20000cd4                __bss_end__ = _ebss

._user_heap_stack
                0x20000cd4      0x404 load address 0x08006124
                0x20000cd8                . = ALIGN (0x8)
 *fill*         0x20000cd4        0x4 
                0x20000cd8                PROVIDE (end, .)
                [!provide]                PROVIDE (_end, .)
                0x20000cd8                . = (. + _Min_Heap_Size)
                0x200010d8                . = (. + _Min_Stack_Size)
 *fill*         0x20000cd8      0x400 
                0x200010d8                . = ALIGN (0x8)

/DISCARD/
 libc.a(*)
 libm.a(*)
 libgcc.a(*)

.ARM.attributes
                0x00000000       0x30
 *(.ARM.attributes)
 .ARM.attributes
                0x00000000       0x22 c:/ac6/systemworkbench/plugins/fr.ac6.mcu.externaltools.arm-none.win32_1.15.0.201708311556/tools/compiler/bin/../lib/gcc/arm-none-eabi/6.3.1/thumb/v7e-m/fpv4-sp/hard/crti.o
 .ARM.attributes
                0x00000022       0x34 c:/ac6/systemworkbench/plugins/fr.ac6.mcu.externaltools.arm-none.win32_1.15.0.201708311556/tools/compiler/bin/../lib/gcc/arm-none-eabi/6.3.1/thumb/v7e-m/fpv4-sp/hard/crtbegin.o
 .ARM.attributes
                0x00000056       0x39 Control_Leg/src/PWM.o
 .ARM.attributes
                0x0000008f       0x39 Control_Leg/src/Sampler.o
 .ARM.attributes
                0x000000c8       0x39 app/src/delay.o
 .ARM.attributes
                0x00000101       0x39 app/src/main.o
 .ARM.attributes
                0x0000013a       0x39 app/src/printf-stdarg.o
 .ARM.attributes
                0x00000173       0x39 bsp/src/bsp.o
 .ARM.attributes
                0x000001ac       0x21 cmsis/device/src/startup_stm32f429xx.o
 .ARM.attributes
                0x000001cd       0x39 cmsis/device/src/system_stm32f4xx.o
 .ARM.attributes
                0x00000206       0x39 encoder_lib/src/can_fct.o
 .ARM.attributes
                0x0000023f       0x39 encoder_lib/src/encoder_fct.o
 .ARM.attributes
                0x00000278       0x39 encoder_lib/src/stm32f4xx_can.o
 .ARM.attributes
                0x000002b1       0x34 c:/ac6/systemworkbench/plugins/fr.ac6.mcu.externaltools.arm-none.win32_1.15.0.201708311556/tools/compiler/bin/../lib/gcc/arm-none-eabi/6.3.1/../../../../arm-none-eabi/lib/thumb/v7e-m/fpv4-sp/hard\libm.a(lib_a-s_floor.o)
 .ARM.attributes
                0x000002e5       0x34 c:/ac6/systemworkbench/plugins/fr.ac6.mcu.externaltools.arm-none.win32_1.15.0.201708311556/tools/compiler/bin/../lib/gcc/arm-none-eabi/6.3.1/../../../../arm-none-eabi/lib/thumb/v7e-m/fpv4-sp/hard\libm.a(lib_a-s_fmax.o)
 .ARM.attributes
                0x00000319       0x34 c:/ac6/systemworkbench/plugins/fr.ac6.mcu.externaltools.arm-none.win32_1.15.0.201708311556/tools/compiler/bin/../lib/gcc/arm-none-eabi/6.3.1/../../../../arm-none-eabi/lib/thumb/v7e-m/fpv4-sp/hard\libm.a(lib_a-s_fmin.o)
 .ARM.attributes
                0x0000034d       0x34 c:/ac6/systemworkbench/plugins/fr.ac6.mcu.externaltools.arm-none.win32_1.15.0.201708311556/tools/compiler/bin/../lib/gcc/arm-none-eabi/6.3.1/../../../../arm-none-eabi/lib/thumb/v7e-m/fpv4-sp/hard\libm.a(lib_a-s_fpclassify.o)
 .ARM.attributes
                0x00000381       0x22 c:/ac6/systemworkbench/plugins/fr.ac6.mcu.externaltools.arm-none.win32_1.15.0.201708311556/tools/compiler/bin/../lib/gcc/arm-none-eabi/6.3.1/thumb/v7e-m/fpv4-sp/hard\libgcc.a(_arm_addsubdf3.o)
 .ARM.attributes
                0x000003a3       0x22 c:/ac6/systemworkbench/plugins/fr.ac6.mcu.externaltools.arm-none.win32_1.15.0.201708311556/tools/compiler/bin/../lib/gcc/arm-none-eabi/6.3.1/thumb/v7e-m/fpv4-sp/hard\libgcc.a(_arm_cmpdf2.o)
 .ARM.attributes
                0x000003c5       0x22 c:/ac6/systemworkbench/plugins/fr.ac6.mcu.externaltools.arm-none.win32_1.15.0.201708311556/tools/compiler/bin/../lib/gcc/arm-none-eabi/6.3.1/thumb/v7e-m/fpv4-sp/hard\libgcc.a(_arm_fixdfsi.o)
 .ARM.attributes
                0x000003e7       0x22 c:/ac6/systemworkbench/plugins/fr.ac6.mcu.externaltools.arm-none.win32_1.15.0.201708311556/tools/compiler/bin/../lib/gcc/arm-none-eabi/6.3.1/thumb/v7e-m/fpv4-sp/hard\libgcc.a(_arm_truncdfsf2.o)
 .ARM.attributes
                0x00000409       0x34 c:/ac6/systemworkbench/plugins/fr.ac6.mcu.externaltools.arm-none.win32_1.15.0.201708311556/tools/compiler/bin/../lib/gcc/arm-none-eabi/6.3.1/../../../../arm-none-eabi/lib/thumb/v7e-m/fpv4-sp/hard\libc.a(lib_a-impure.o)
 .ARM.attributes
                0x0000043d       0x34 c:/ac6/systemworkbench/plugins/fr.ac6.mcu.externaltools.arm-none.win32_1.15.0.201708311556/tools/compiler/bin/../lib/gcc/arm-none-eabi/6.3.1/../../../../arm-none-eabi/lib/thumb/v7e-m/fpv4-sp/hard\libc.a(lib_a-init.o)
 .ARM.attributes
                0x00000471       0x34 c:/ac6/systemworkbench/plugins/fr.ac6.mcu.externaltools.arm-none.win32_1.15.0.201708311556/tools/compiler/bin/../lib/gcc/arm-none-eabi/6.3.1/../../../../arm-none-eabi/lib/thumb/v7e-m/fpv4-sp/hard\libc.a(lib_a-__call_atexit.o)
 .ARM.attributes
                0x000004a5       0x34 c:/ac6/systemworkbench/plugins/fr.ac6.mcu.externaltools.arm-none.win32_1.15.0.201708311556/tools/compiler/bin/../lib/gcc/arm-none-eabi/6.3.1/../../../../arm-none-eabi/lib/thumb/v7e-m/fpv4-sp/hard\libc.a(lib_a-atexit.o)
 .ARM.attributes
                0x000004d9       0x34 c:/ac6/systemworkbench/plugins/fr.ac6.mcu.externaltools.arm-none.win32_1.15.0.201708311556/tools/compiler/bin/../lib/gcc/arm-none-eabi/6.3.1/../../../../arm-none-eabi/lib/thumb/v7e-m/fpv4-sp/hard\libc.a(lib_a-fini.o)
 .ARM.attributes
                0x0000050d       0x34 c:/ac6/systemworkbench/plugins/fr.ac6.mcu.externaltools.arm-none.win32_1.15.0.201708311556/tools/compiler/bin/../lib/gcc/arm-none-eabi/6.3.1/../../../../arm-none-eabi/lib/thumb/v7e-m/fpv4-sp/hard\libc.a(lib_a-lock.o)
 .ARM.attributes
                0x00000541       0x34 c:/ac6/systemworkbench/plugins/fr.ac6.mcu.externaltools.arm-none.win32_1.15.0.201708311556/tools/compiler/bin/../lib/gcc/arm-none-eabi/6.3.1/../../../../arm-none-eabi/lib/thumb/v7e-m/fpv4-sp/hard\libc.a(lib_a-__atexit.o)
 .ARM.attributes
                0x00000575       0x22 c:/ac6/systemworkbench/plugins/fr.ac6.mcu.externaltools.arm-none.win32_1.15.0.201708311556/tools/compiler/bin/../lib/gcc/arm-none-eabi/6.3.1/thumb/v7e-m/fpv4-sp/hard/crtn.o
OUTPUT(encoder_project_vf.elf elf32-littlearm)

.debug_info     0x00000000     0x6006
 .debug_info    0x00000000      0x45f Control_Leg/src/PWM.o
 .debug_info    0x0000045f      0x97f Control_Leg/src/Sampler.o
 .debug_info    0x00000dde      0x700 app/src/delay.o
 .debug_info    0x000014de     0x1452 app/src/main.o
 .debug_info    0x00002930      0x481 app/src/printf-stdarg.o
 .debug_info    0x00002db1      0xcb0 bsp/src/bsp.o
 .debug_info    0x00003a61       0x93 cmsis/device/src/startup_stm32f429xx.o
 .debug_info    0x00003af4      0x4e8 cmsis/device/src/system_stm32f4xx.o
 .debug_info    0x00003fdc      0xa6b encoder_lib/src/can_fct.o
 .debug_info    0x00004a47      0x854 encoder_lib/src/encoder_fct.o
 .debug_info    0x0000529b      0xd6b encoder_lib/src/stm32f4xx_can.o

.debug_abbrev   0x00000000     0x11cd
 .debug_abbrev  0x00000000       0xc3 Control_Leg/src/PWM.o
 .debug_abbrev  0x000000c3      0x16f Control_Leg/src/Sampler.o
 .debug_abbrev  0x00000232      0x1b0 app/src/delay.o
 .debug_abbrev  0x000003e2      0x309 app/src/main.o
 .debug_abbrev  0x000006eb      0x183 app/src/printf-stdarg.o
 .debug_abbrev  0x0000086e      0x209 bsp/src/bsp.o
 .debug_abbrev  0x00000a77       0x12 cmsis/device/src/startup_stm32f429xx.o
 .debug_abbrev  0x00000a89      0x122 cmsis/device/src/system_stm32f4xx.o
 .debug_abbrev  0x00000bab      0x23b encoder_lib/src/can_fct.o
 .debug_abbrev  0x00000de6      0x1de encoder_lib/src/encoder_fct.o
 .debug_abbrev  0x00000fc4      0x209 encoder_lib/src/stm32f4xx_can.o

.debug_aranges  0x00000000      0x3b0
 .debug_aranges
                0x00000000       0x20 Control_Leg/src/PWM.o
 .debug_aranges
                0x00000020       0x30 Control_Leg/src/Sampler.o
 .debug_aranges
                0x00000050       0x40 app/src/delay.o
 .debug_aranges
                0x00000090       0x50 app/src/main.o
 .debug_aranges
                0x000000e0       0x50 app/src/printf-stdarg.o
 .debug_aranges
                0x00000130       0x68 bsp/src/bsp.o
 .debug_aranges
                0x00000198       0x28 cmsis/device/src/startup_stm32f429xx.o
 .debug_aranges
                0x000001c0       0x28 cmsis/device/src/system_stm32f4xx.o
 .debug_aranges
                0x000001e8       0x68 encoder_lib/src/can_fct.o
 .debug_aranges
                0x00000250       0x80 encoder_lib/src/encoder_fct.o
 .debug_aranges
                0x000002d0       0xe0 encoder_lib/src/stm32f4xx_can.o

.debug_ranges   0x00000000      0x308
 .debug_ranges  0x00000000       0x10 Control_Leg/src/PWM.o
 .debug_ranges  0x00000010       0x20 Control_Leg/src/Sampler.o
 .debug_ranges  0x00000030       0x30 app/src/delay.o
 .debug_ranges  0x00000060       0x40 app/src/main.o
 .debug_ranges  0x000000a0       0x40 app/src/printf-stdarg.o
 .debug_ranges  0x000000e0       0x58 bsp/src/bsp.o
 .debug_ranges  0x00000138       0x20 cmsis/device/src/startup_stm32f429xx.o
 .debug_ranges  0x00000158       0x18 cmsis/device/src/system_stm32f4xx.o
 .debug_ranges  0x00000170       0x58 encoder_lib/src/can_fct.o
 .debug_ranges  0x000001c8       0x70 encoder_lib/src/encoder_fct.o
 .debug_ranges  0x00000238       0xd0 encoder_lib/src/stm32f4xx_can.o

.debug_macro    0x00000000     0xd6fc
 .debug_macro   0x00000000       0xcb Control_Leg/src/PWM.o
 .debug_macro   0x000000cb       0x28 Control_Leg/src/PWM.o
 .debug_macro   0x000000f3       0x22 Control_Leg/src/PWM.o
 .debug_macro   0x00000115       0x87 Control_Leg/src/PWM.o
 .debug_macro   0x0000019c       0x51 Control_Leg/src/PWM.o
 .debug_macro   0x000001ed       0xef Control_Leg/src/PWM.o
 .debug_macro   0x000002dc       0x6a Control_Leg/src/PWM.o
 .debug_macro   0x00000346      0x1df Control_Leg/src/PWM.o
 .debug_macro   0x00000525       0x35 Control_Leg/src/PWM.o
 .debug_macro   0x0000055a       0x50 Control_Leg/src/PWM.o
 .debug_macro   0x000005aa      0xe66 Control_Leg/src/PWM.o
 .debug_macro   0x00001410     0xa24d Control_Leg/src/PWM.o
 .debug_macro   0x0000b65d       0xc5 Control_Leg/src/Sampler.o
 .debug_macro   0x0000b722       0xca app/src/delay.o
 .debug_macro   0x0000b7ec       0x22 app/src/delay.o
 .debug_macro   0x0000b80e      0x224 app/src/main.o
 .debug_macro   0x0000ba32       0x10 app/src/main.o
 .debug_macro   0x0000ba42       0x28 app/src/main.o
 .debug_macro   0x0000ba6a       0x2e app/src/main.o
 .debug_macro   0x0000ba98       0x43 app/src/main.o
 .debug_macro   0x0000badb      0x3d5 app/src/main.o
 .debug_macro   0x0000beb0      0x2d2 app/src/main.o
 .debug_macro   0x0000c182       0x46 app/src/main.o
 .debug_macro   0x0000c1c8       0x64 app/src/main.o
 .debug_macro   0x0000c22c       0x58 app/src/main.o
 .debug_macro   0x0000c284       0x35 app/src/main.o
 .debug_macro   0x0000c2b9       0x9c app/src/main.o
 .debug_macro   0x0000c355      0x174 app/src/main.o
 .debug_macro   0x0000c4c9       0x58 app/src/main.o
 .debug_macro   0x0000c521       0x1f app/src/main.o
 .debug_macro   0x0000c540       0x43 app/src/main.o
 .debug_macro   0x0000c583       0x20 app/src/main.o
 .debug_macro   0x0000c5a3      0x187 app/src/main.o
 .debug_macro   0x0000c72a      0x330 app/src/main.o
 .debug_macro   0x0000ca5a      0x1e1 app/src/main.o
 .debug_macro   0x0000cc3b       0x10 app/src/main.o
 .debug_macro   0x0000cc4b       0xd6 app/src/printf-stdarg.o
 .debug_macro   0x0000cd21       0x58 app/src/printf-stdarg.o
 .debug_macro   0x0000cd79       0xce bsp/src/bsp.o
 .debug_macro   0x0000ce47      0x10d cmsis/device/src/system_stm32f4xx.o
 .debug_macro   0x0000cf54      0x3db cmsis/device/src/system_stm32f4xx.o
 .debug_macro   0x0000d32f      0x134 encoder_lib/src/can_fct.o
 .debug_macro   0x0000d463      0x143 encoder_lib/src/encoder_fct.o
 .debug_macro   0x0000d5a6      0x156 encoder_lib/src/stm32f4xx_can.o

.debug_line     0x00000000     0x3ade
 .debug_line    0x00000000      0x429 Control_Leg/src/PWM.o
 .debug_line    0x00000429      0x46e Control_Leg/src/Sampler.o
 .debug_line    0x00000897      0x491 app/src/delay.o
 .debug_line    0x00000d28      0x796 app/src/main.o
 .debug_line    0x000014be      0x57d app/src/printf-stdarg.o
 .debug_line    0x00001a3b      0x5a6 bsp/src/bsp.o
 .debug_line    0x00001fe1       0x88 cmsis/device/src/startup_stm32f429xx.o
 .debug_line    0x00002069      0x4b4 cmsis/device/src/system_stm32f4xx.o
 .debug_line    0x0000251d      0x68e encoder_lib/src/can_fct.o
 .debug_line    0x00002bab      0x717 encoder_lib/src/encoder_fct.o
 .debug_line    0x000032c2      0x81c encoder_lib/src/stm32f4xx_can.o

.debug_str      0x00000000    0x4cdcb
 .debug_str     0x00000000    0x44b9e Control_Leg/src/PWM.o
                              0x44d14 (size before relaxing)
 .debug_str     0x00044b9e      0x659 Control_Leg/src/Sampler.o
                              0x45311 (size before relaxing)
 .debug_str     0x000451f7       0xf3 app/src/delay.o
                              0x4527c (size before relaxing)
 .debug_str     0x000452ea     0x6e3d app/src/main.o
                              0x4bd0b (size before relaxing)
 .debug_str     0x0004c127      0x1d5 app/src/printf-stdarg.o
                              0x44d65 (size before relaxing)
 .debug_str     0x0004c2fc      0x13c bsp/src/bsp.o
                              0x4547c (size before relaxing)
 .debug_str     0x0004c438       0xc3 cmsis/device/src/system_stm32f4xx.o
                              0x47e69 (size before relaxing)
 .debug_str     0x0004c4fb      0x248 encoder_lib/src/can_fct.o
                              0x48339 (size before relaxing)
 .debug_str     0x0004c743      0x18c encoder_lib/src/encoder_fct.o
                              0x483c0 (size before relaxing)
 .debug_str     0x0004c8cf      0x4fc encoder_lib/src/stm32f4xx_can.o
                              0x484cc (size before relaxing)

.comment        0x00000000       0x7f
 .comment       0x00000000       0x7f Control_Leg/src/PWM.o
                                 0x80 (size before relaxing)
 .comment       0x0000007f       0x80 Control_Leg/src/Sampler.o
 .comment       0x0000007f       0x80 app/src/delay.o
 .comment       0x0000007f       0x80 app/src/main.o
 .comment       0x0000007f       0x80 app/src/printf-stdarg.o
 .comment       0x0000007f       0x80 bsp/src/bsp.o
 .comment       0x0000007f       0x80 cmsis/device/src/system_stm32f4xx.o
 .comment       0x0000007f       0x80 encoder_lib/src/can_fct.o
 .comment       0x0000007f       0x80 encoder_lib/src/encoder_fct.o
 .comment       0x0000007f       0x80 encoder_lib/src/stm32f4xx_can.o

.debug_frame    0x00000000     0x11e8
 .debug_frame   0x00000000       0x30 Control_Leg/src/PWM.o
 .debug_frame   0x00000030       0x84 Control_Leg/src/Sampler.o
 .debug_frame   0x000000b4       0xc0 app/src/delay.o
 .debug_frame   0x00000174      0x110 app/src/main.o
 .debug_frame   0x00000284      0x16c app/src/printf-stdarg.o
 .debug_frame   0x000003f0      0x174 bsp/src/bsp.o
 .debug_frame   0x00000564       0x58 cmsis/device/src/system_stm32f4xx.o
 .debug_frame   0x000005bc      0x19c encoder_lib/src/can_fct.o
 .debug_frame   0x00000758      0x210 encoder_lib/src/encoder_fct.o
 .debug_frame   0x00000968      0x3f4 encoder_lib/src/stm32f4xx_can.o
 .debug_frame   0x00000d5c       0x30 c:/ac6/systemworkbench/plugins/fr.ac6.mcu.externaltools.arm-none.win32_1.15.0.201708311556/tools/compiler/bin/../lib/gcc/arm-none-eabi/6.3.1/../../../../arm-none-eabi/lib/thumb/v7e-m/fpv4-sp/hard\libm.a(lib_a-s_floor.o)
 .debug_frame   0x00000d8c       0x50 c:/ac6/systemworkbench/plugins/fr.ac6.mcu.externaltools.arm-none.win32_1.15.0.201708311556/tools/compiler/bin/../lib/gcc/arm-none-eabi/6.3.1/../../../../arm-none-eabi/lib/thumb/v7e-m/fpv4-sp/hard\libm.a(lib_a-s_fmax.o)
 .debug_frame   0x00000ddc       0x50 c:/ac6/systemworkbench/plugins/fr.ac6.mcu.externaltools.arm-none.win32_1.15.0.201708311556/tools/compiler/bin/../lib/gcc/arm-none-eabi/6.3.1/../../../../arm-none-eabi/lib/thumb/v7e-m/fpv4-sp/hard\libm.a(lib_a-s_fmin.o)
 .debug_frame   0x00000e2c       0x44 c:/ac6/systemworkbench/plugins/fr.ac6.mcu.externaltools.arm-none.win32_1.15.0.201708311556/tools/compiler/bin/../lib/gcc/arm-none-eabi/6.3.1/../../../../arm-none-eabi/lib/thumb/v7e-m/fpv4-sp/hard\libm.a(lib_a-s_fpclassify.o)
 .debug_frame   0x00000e70       0xac c:/ac6/systemworkbench/plugins/fr.ac6.mcu.externaltools.arm-none.win32_1.15.0.201708311556/tools/compiler/bin/../lib/gcc/arm-none-eabi/6.3.1/thumb/v7e-m/fpv4-sp/hard\libgcc.a(_arm_addsubdf3.o)
 .debug_frame   0x00000f1c       0xc4 c:/ac6/systemworkbench/plugins/fr.ac6.mcu.externaltools.arm-none.win32_1.15.0.201708311556/tools/compiler/bin/../lib/gcc/arm-none-eabi/6.3.1/thumb/v7e-m/fpv4-sp/hard\libgcc.a(_arm_cmpdf2.o)
 .debug_frame   0x00000fe0       0x24 c:/ac6/systemworkbench/plugins/fr.ac6.mcu.externaltools.arm-none.win32_1.15.0.201708311556/tools/compiler/bin/../lib/gcc/arm-none-eabi/6.3.1/thumb/v7e-m/fpv4-sp/hard\libgcc.a(_arm_fixdfsi.o)
 .debug_frame   0x00001004       0x24 c:/ac6/systemworkbench/plugins/fr.ac6.mcu.externaltools.arm-none.win32_1.15.0.201708311556/tools/compiler/bin/../lib/gcc/arm-none-eabi/6.3.1/thumb/v7e-m/fpv4-sp/hard\libgcc.a(_arm_truncdfsf2.o)
 .debug_frame   0x00001028       0x2c c:/ac6/systemworkbench/plugins/fr.ac6.mcu.externaltools.arm-none.win32_1.15.0.201708311556/tools/compiler/bin/../lib/gcc/arm-none-eabi/6.3.1/../../../../arm-none-eabi/lib/thumb/v7e-m/fpv4-sp/hard\libc.a(lib_a-init.o)
 .debug_frame   0x00001054       0x5c c:/ac6/systemworkbench/plugins/fr.ac6.mcu.externaltools.arm-none.win32_1.15.0.201708311556/tools/compiler/bin/../lib/gcc/arm-none-eabi/6.3.1/../../../../arm-none-eabi/lib/thumb/v7e-m/fpv4-sp/hard\libc.a(lib_a-__call_atexit.o)
 .debug_frame   0x000010b0       0x20 c:/ac6/systemworkbench/plugins/fr.ac6.mcu.externaltools.arm-none.win32_1.15.0.201708311556/tools/compiler/bin/../lib/gcc/arm-none-eabi/6.3.1/../../../../arm-none-eabi/lib/thumb/v7e-m/fpv4-sp/hard\libc.a(lib_a-atexit.o)
 .debug_frame   0x000010d0       0x34 c:/ac6/systemworkbench/plugins/fr.ac6.mcu.externaltools.arm-none.win32_1.15.0.201708311556/tools/compiler/bin/../lib/gcc/arm-none-eabi/6.3.1/../../../../arm-none-eabi/lib/thumb/v7e-m/fpv4-sp/hard\libc.a(lib_a-fini.o)
 .debug_frame   0x00001104       0xb0 c:/ac6/systemworkbench/plugins/fr.ac6.mcu.externaltools.arm-none.win32_1.15.0.201708311556/tools/compiler/bin/../lib/gcc/arm-none-eabi/6.3.1/../../../../arm-none-eabi/lib/thumb/v7e-m/fpv4-sp/hard\libc.a(lib_a-lock.o)
 .debug_frame   0x000011b4       0x34 c:/ac6/systemworkbench/plugins/fr.ac6.mcu.externaltools.arm-none.win32_1.15.0.201708311556/tools/compiler/bin/../lib/gcc/arm-none-eabi/6.3.1/../../../../arm-none-eabi/lib/thumb/v7e-m/fpv4-sp/hard\libc.a(lib_a-__atexit.o)
