Archive member included to satisfy reference by file (symbol)

c:/program files (x86)/atollic/truestudio for stm32 9.1.0/armtools/bin/../lib/gcc/arm-atollic-eabi/6.3.1/../../../../arm-atollic-eabi/lib/armv7e-m/fpu\libc_nano.a(lib_a-init.o)
                              cmsis\device\src\startup_stm32f429xx.o (__libc_init_array)
c:/program files (x86)/atollic/truestudio for stm32 9.1.0/armtools/bin/../lib/gcc/arm-atollic-eabi/6.3.1/../../../../arm-atollic-eabi/lib/armv7e-m/fpu\libc_nano.a(lib_a-memcpy-stub.o)
                              FreeRTOS\queue.o (memcpy)
c:/program files (x86)/atollic/truestudio for stm32 9.1.0/armtools/bin/../lib/gcc/arm-atollic-eabi/6.3.1/../../../../arm-atollic-eabi/lib/armv7e-m/fpu\libc_nano.a(lib_a-memset.o)
                              FreeRTOS\stream_buffer.o (memset)
c:/program files (x86)/atollic/truestudio for stm32 9.1.0/armtools/bin/../lib/gcc/arm-atollic-eabi/6.3.1/../../../../arm-atollic-eabi/lib/armv7e-m/fpu\libc_nano.a(lib_a-strncmp.o)
                              FreeRTOS-Plus-Trace\trcSnapshotRecorder.o (strncmp)
c:/program files (x86)/atollic/truestudio for stm32 9.1.0/armtools/bin/../lib/gcc/arm-atollic-eabi/6.3.1/armv7e-m/fpu\libgcc.a(_arm_addsubdf3.o)
                              app\src\Task_ASSERV.o (__aeabi_f2d)
c:/program files (x86)/atollic/truestudio for stm32 9.1.0/armtools/bin/../lib/gcc/arm-atollic-eabi/6.3.1/armv7e-m/fpu\libgcc.a(_arm_cmpdf2.o)
                              app\src\Task_ASSERV.o (__aeabi_dcmplt)
c:/program files (x86)/atollic/truestudio for stm32 9.1.0/armtools/bin/../lib/gcc/arm-atollic-eabi/6.3.1/armv7e-m/fpu\libgcc.a(_arm_fixunsdfsi.o)
                              FreeRTOS-Plus-Trace\trcSnapshotRecorder.o (__aeabi_d2uiz)
c:/program files (x86)/atollic/truestudio for stm32 9.1.0/armtools/bin/../lib/gcc/arm-atollic-eabi/6.3.1/armv7e-m/fpu\libgcc.a(_aeabi_uldivmod.o)
                              Drivers\src\stm32f4xx_hal_rcc.o (__aeabi_uldivmod)
c:/program files (x86)/atollic/truestudio for stm32 9.1.0/armtools/bin/../lib/gcc/arm-atollic-eabi/6.3.1/armv7e-m/fpu\libgcc.a(_udivmoddi4.o)
                              c:/program files (x86)/atollic/truestudio for stm32 9.1.0/armtools/bin/../lib/gcc/arm-atollic-eabi/6.3.1/armv7e-m/fpu\libgcc.a(_aeabi_uldivmod.o) (__udivmoddi4)
c:/program files (x86)/atollic/truestudio for stm32 9.1.0/armtools/bin/../lib/gcc/arm-atollic-eabi/6.3.1/armv7e-m/fpu\libgcc.a(_dvmd_tls.o)
                              c:/program files (x86)/atollic/truestudio for stm32 9.1.0/armtools/bin/../lib/gcc/arm-atollic-eabi/6.3.1/armv7e-m/fpu\libgcc.a(_aeabi_uldivmod.o) (__aeabi_ldiv0)

Allocating common symbols
Common symbol       size              file

xCAN2Sem            0x4               app\src\main.o
ue1                 0x2               app\src\main.o
uwTick              0x4               Drivers\src\stm32f4xx_hal.o
RecorderData        0x1918            FreeRTOS-Plus-Trace\trcSnapshotRecorder.o
pFlash              0x20              Drivers\src\stm32f4xx_hal_flash.o
vTaskCAN2_handle    0x4               app\src\main.o
xConsoleMutex2      0x4               app\src\main.o
my_timer            0x4               app\src\main.o
vTaskCAN1_handle    0x4               app\src\main.o
xConsoleMutex       0x4               app\src\main.o
ticks               0x4               app\src\main.o
xCAN1Sem            0x4               app\src\main.o
init_hwtc_count     0x4               FreeRTOS-Plus-Trace\trcSnapshotRecorder.o
REGS                0x70              app\src\Register.o

Memory Configuration

Name             Origin             Length             Attributes
FLASH            0x08000000         0x00200000         xr
RAM              0x20000000         0x00030000         xrw
MEMORY_B1        0x60000000         0x00000000         xr
CCMRAM           0x10000000         0x00010000         rw
*default*        0x00000000         0xffffffff

Linker script and memory map

LOAD c:/program files (x86)/atollic/truestudio for stm32 9.1.0/armtools/bin/../lib/gcc/arm-atollic-eabi/6.3.1/armv7e-m/fpu/crti.o
LOAD c:/program files (x86)/atollic/truestudio for stm32 9.1.0/armtools/bin/../lib/gcc/arm-atollic-eabi/6.3.1/armv7e-m/fpu/crtbegin.o
LOAD Drivers\src\stm32f4xx_hal.o
LOAD Drivers\src\stm32f4xx_hal_can.o
LOAD Drivers\src\stm32f4xx_hal_cortex.o
LOAD Drivers\src\stm32f4xx_hal_dma.o
LOAD Drivers\src\stm32f4xx_hal_dma_ex.o
LOAD Drivers\src\stm32f4xx_hal_eth.o
LOAD Drivers\src\stm32f4xx_hal_flash.o
LOAD Drivers\src\stm32f4xx_hal_flash_ex.o
LOAD Drivers\src\stm32f4xx_hal_flash_ramfunc.o
LOAD Drivers\src\stm32f4xx_hal_gpio.o
LOAD Drivers\src\stm32f4xx_hal_pwr.o
LOAD Drivers\src\stm32f4xx_hal_pwr_ex.o
LOAD Drivers\src\stm32f4xx_hal_rcc.o
LOAD Drivers\src\stm32f4xx_hal_rcc_ex.o
LOAD Drivers\src\stm32f4xx_hal_tim.o
LOAD Drivers\src\stm32f4xx_hal_tim_ex.o
LOAD Drivers\src\stm32f4xx_hal_uart.o
LOAD FreeRTOS\croutine.o
LOAD FreeRTOS\event_groups.o
LOAD FreeRTOS\list.o
LOAD FreeRTOS\portable\GCC\ARM_CM4F\port.o
LOAD FreeRTOS\portable\MemMang\heap_1.o
LOAD FreeRTOS\queue.o
LOAD FreeRTOS\stream_buffer.o
LOAD FreeRTOS\tasks.o
LOAD FreeRTOS\timers.o
LOAD FreeRTOS-Plus-Trace\trcKernelPort.o
LOAD FreeRTOS-Plus-Trace\trcSnapshotRecorder.o
LOAD FreeRTOS-Plus-Trace\trcStreamingRecorder.o
LOAD app\src\GlobalParameters.o
LOAD app\src\Register.o
LOAD app\src\Task_ASSERV.o
LOAD app\src\Task_CAN.o
LOAD app\src\main.o
LOAD app\src\printf-stdarg.o
LOAD app\src\stm32f4xx_it.o
LOAD bsp\src\bsp.o
LOAD bsp\src\can.o
LOAD bsp\src\delay.o
LOAD bsp\src\encodeur.o
LOAD cmsis\device\src\startup_stm32f429xx.o
LOAD cmsis\device\src\system_stm32f4xx.o
                0x00000080                malloc_getpagesize_P = 0x80
START GROUP
LOAD c:/program files (x86)/atollic/truestudio for stm32 9.1.0/armtools/bin/../lib/gcc/arm-atollic-eabi/6.3.1/../../../../arm-atollic-eabi/lib/armv7e-m/fpu\libc_nano.a
LOAD c:/program files (x86)/atollic/truestudio for stm32 9.1.0/armtools/bin/../lib/gcc/arm-atollic-eabi/6.3.1/../../../../arm-atollic-eabi/lib/armv7e-m/fpu\libm.a
END GROUP
START GROUP
LOAD c:/program files (x86)/atollic/truestudio for stm32 9.1.0/armtools/bin/../lib/gcc/arm-atollic-eabi/6.3.1/armv7e-m/fpu\libgcc.a
LOAD c:/program files (x86)/atollic/truestudio for stm32 9.1.0/armtools/bin/../lib/gcc/arm-atollic-eabi/6.3.1/../../../../arm-atollic-eabi/lib/armv7e-m/fpu\libc_nano.a
END GROUP
START GROUP
LOAD c:/program files (x86)/atollic/truestudio for stm32 9.1.0/armtools/bin/../lib/gcc/arm-atollic-eabi/6.3.1/armv7e-m/fpu\libgcc.a
LOAD c:/program files (x86)/atollic/truestudio for stm32 9.1.0/armtools/bin/../lib/gcc/arm-atollic-eabi/6.3.1/../../../../arm-atollic-eabi/lib/armv7e-m/fpu\libc_nano.a
LOAD c:/program files (x86)/atollic/truestudio for stm32 9.1.0/armtools/bin/../lib/gcc/arm-atollic-eabi/6.3.1/../../../../arm-atollic-eabi/lib/armv7e-m/fpu\libnosys.a
END GROUP
START GROUP
LOAD c:/program files (x86)/atollic/truestudio for stm32 9.1.0/armtools/bin/../lib/gcc/arm-atollic-eabi/6.3.1/armv7e-m/fpu\libgcc.a
LOAD c:/program files (x86)/atollic/truestudio for stm32 9.1.0/armtools/bin/../lib/gcc/arm-atollic-eabi/6.3.1/../../../../arm-atollic-eabi/lib/armv7e-m/fpu\libc_nano.a
LOAD c:/program files (x86)/atollic/truestudio for stm32 9.1.0/armtools/bin/../lib/gcc/arm-atollic-eabi/6.3.1/../../../../arm-atollic-eabi/lib/armv7e-m/fpu\libnosys.a
END GROUP
LOAD c:/program files (x86)/atollic/truestudio for stm32 9.1.0/armtools/bin/../lib/gcc/arm-atollic-eabi/6.3.1/armv7e-m/fpu/crtend.o
LOAD c:/program files (x86)/atollic/truestudio for stm32 9.1.0/armtools/bin/../lib/gcc/arm-atollic-eabi/6.3.1/armv7e-m/fpu/crtn.o
                0x20030000                _estack = 0x20030000
                0x00000000                _Min_Heap_Size = 0x0
                0x00000400                _Min_Stack_Size = 0x400

.isr_vector     0x08000000      0x1ac
                0x08000000                . = ALIGN (0x4)
 *(.isr_vector)
 .isr_vector    0x08000000      0x1ac cmsis\device\src\startup_stm32f429xx.o
                0x08000000                g_pfnVectors
                0x080001ac                . = ALIGN (0x4)

.text           0x080001b0    0x18104
                0x080001b0                . = ALIGN (0x4)
 *(.text)
 .text          0x080001b0        0x0 c:/program files (x86)/atollic/truestudio for stm32 9.1.0/armtools/bin/../lib/gcc/arm-atollic-eabi/6.3.1/armv7e-m/fpu/crti.o
 .text          0x080001b0       0x40 c:/program files (x86)/atollic/truestudio for stm32 9.1.0/armtools/bin/../lib/gcc/arm-atollic-eabi/6.3.1/armv7e-m/fpu/crtbegin.o
 .text          0x080001f0      0x3f0 Drivers\src\stm32f4xx_hal.o
                0x080001f0                HAL_Init
                0x08000234                HAL_DeInit
                0x0800028c                HAL_MspInit
                0x0800029a                HAL_MspDeInit
                0x080002a8                HAL_InitTick
                0x08000308                HAL_IncTick
                0x08000330                HAL_GetTick
                0x08000348                HAL_GetTickPrio
                0x08000360                HAL_SetTickFreq
                0x080003a0                HAL_GetTickFreq
                0x080003b8                HAL_Delay
                0x080003fc                HAL_SuspendTick
                0x0800041c                HAL_ResumeTick
                0x0800043c                HAL_GetHalVersion
                0x08000450                HAL_GetREVID
                0x08000468                HAL_GetDEVID
                0x08000484                HAL_DBGMCU_EnableDBGSleepMode
                0x080004a4                HAL_DBGMCU_DisableDBGSleepMode
                0x080004c4                HAL_DBGMCU_EnableDBGStopMode
                0x080004e4                HAL_DBGMCU_DisableDBGStopMode
                0x08000504                HAL_DBGMCU_EnableDBGStandbyMode
                0x08000524                HAL_DBGMCU_DisableDBGStandbyMode
                0x08000544                HAL_EnableCompensationCell
                0x0800055c                HAL_DisableCompensationCell
                0x08000574                HAL_GetUID
                0x080005b0                HAL_EnableMemorySwappingBank
                0x080005c8                HAL_DisableMemorySwappingBank
 .text          0x080005e0        0x0 Drivers\src\stm32f4xx_hal_can.o
 .text          0x080005e0      0x620 Drivers\src\stm32f4xx_hal_cortex.o
                0x08000960                HAL_NVIC_SetPriorityGrouping
                0x08000976                HAL_NVIC_SetPriority
                0x080009ae                HAL_NVIC_EnableIRQ
                0x080009ca                HAL_NVIC_DisableIRQ
                0x080009e6                HAL_NVIC_SystemReset
                0x080009f2                HAL_SYSTICK_Config
                0x08000a0a                HAL_MPU_Disable
                0x08000a38                HAL_MPU_Enable
                0x08000a74                HAL_MPU_ConfigRegion
                0x08000afc                HAL_NVIC_GetPriorityGrouping
                0x08000b0a                HAL_NVIC_GetPriority
                0x08000b36                HAL_NVIC_SetPendingIRQ
                0x08000b52                HAL_NVIC_GetPendingIRQ
                0x08000b70                HAL_NVIC_ClearPendingIRQ
                0x08000b8c                HAL_NVIC_GetActive
                0x08000baa                HAL_SYSTICK_CLKSourceConfig
                0x08000be4                HAL_SYSTICK_IRQHandler
                0x08000bf0                HAL_SYSTICK_Callback
 .text          0x08000c00      0xc88 Drivers\src\stm32f4xx_hal_dma.o
                0x08000c00                HAL_DMA_Init
                0x08000d5c                HAL_DMA_DeInit
                0x08000df4                HAL_DMA_Start
                0x08000e6a                HAL_DMA_Start_IT
                0x08000f2a                HAL_DMA_Abort
                0x0800100a                HAL_DMA_Abort_IT
                0x0800104e                HAL_DMA_PollForTransfer
                0x0800120c                HAL_DMA_IRQHandler
                0x0800151e                HAL_DMA_RegisterCallback
                0x080015c6                HAL_DMA_UnRegisterCallback
                0x08001698                HAL_DMA_GetState
                0x080016b4                HAL_DMA_GetError
 .text          0x08001888     0x158c Drivers\src\stm32f4xx_hal_dma_ex.o
                0x08001888                HAL_DMAEx_MultiBufferStart
                0x0800191e                HAL_DMAEx_MultiBufferStart_IT
                0x08002d94                HAL_DMAEx_ChangeMemory
 .text          0x08002e14     0x15f4 Drivers\src\stm32f4xx_hal_eth.o
                0x08002e14                HAL_ETH_Init
                0x0800314e                HAL_ETH_DeInit
                0x0800317e                HAL_ETH_DMATxDescListInit
                0x08003250                HAL_ETH_DMARxDescListInit
                0x0800332a                HAL_ETH_MspInit
                0x0800333e                HAL_ETH_MspDeInit
                0x08003352                HAL_ETH_TransmitFrame
                0x08003528                HAL_ETH_GetReceivedFrame
                0x08003630                HAL_ETH_GetReceivedFrame_IT
                0x08003740                HAL_ETH_IRQHandler
                0x0800380e                HAL_ETH_TxCpltCallback
                0x08003822                HAL_ETH_RxCpltCallback
                0x08003836                HAL_ETH_ErrorCallback
                0x0800384a                HAL_ETH_ReadPHYRegister
                0x0800391a                HAL_ETH_WritePHYRegister
                0x080039e6                HAL_ETH_Start
                0x08003a44                HAL_ETH_Stop
                0x08003aa2                HAL_ETH_ConfigMAC
                0x08003c94                HAL_ETH_ConfigDMA
                0x08003db4                HAL_ETH_GetState
 .text          0x08004408      0x600 Drivers\src\stm32f4xx_hal_flash.o
                0x08004408                HAL_FLASH_Program
                0x080044b0                HAL_FLASH_Program_IT
                0x0800454c                HAL_FLASH_IRQHandler
                0x08004690                HAL_FLASH_EndOfOperationCallback
                0x080046a4                HAL_FLASH_OperationErrorCallback
                0x080046b8                HAL_FLASH_Unlock
                0x080046fc                HAL_FLASH_Lock
                0x0800471c                HAL_FLASH_OB_Unlock
                0x08004754                HAL_FLASH_OB_Lock
                0x08004774                HAL_FLASH_OB_Launch
                0x0800479c                HAL_FLASH_GetError
                0x080047b4                FLASH_WaitForLastOperation
 .text          0x08004a08      0xa10 Drivers\src\stm32f4xx_hal_flash_ex.o
                0x08004a08                HAL_FLASHEx_Erase
                0x08004aec                HAL_FLASHEx_Erase_IT
                0x08004b98                HAL_FLASHEx_OBProgram
                0x08004c74                HAL_FLASHEx_OBGetConfig
                0x08004cba                HAL_FLASHEx_AdvOBProgram
                0x08004d34                HAL_FLASHEx_AdvOBGetConfig
                0x08004d74                HAL_FLASHEx_OB_SelectPCROP
                0x08004da8                HAL_FLASHEx_OB_DeSelectPCROP
                0x08004dd8                HAL_FLASHEx_OB_GetBank2WRP
                0x08004e64                FLASH_Erase_Sector
                0x0800538c                FLASH_FlushCaches
 .text          0x08005418        0x0 Drivers\src\stm32f4xx_hal_flash_ramfunc.o
 .text          0x08005418      0x68c Drivers\src\stm32f4xx_hal_gpio.o
                0x08005418                HAL_GPIO_Init
                0x0800576c                HAL_GPIO_DeInit
                0x08005984                HAL_GPIO_ReadPin
                0x080059b4                HAL_GPIO_WritePin
                0x080059e6                HAL_GPIO_TogglePin
                0x08005a0a                HAL_GPIO_LockPin
                0x08005a5a                HAL_GPIO_EXTI_IRQHandler
                0x08005a8c                HAL_GPIO_EXTI_Callback
 .text          0x08005aa4      0x308 Drivers\src\stm32f4xx_hal_pwr.o
                0x08005aa4                HAL_PWR_DeInit
                0x08005ad0                HAL_PWR_EnableBkUpAccess
                0x08005ae8                HAL_PWR_DisableBkUpAccess
                0x08005b00                HAL_PWR_ConfigPVD
                0x08005bc0                HAL_PWR_EnablePVD
                0x08005bd8                HAL_PWR_DisablePVD
                0x08005bf0                HAL_PWR_EnableWakeUpPin
                0x08005c14                HAL_PWR_DisableWakeUpPin
                0x08005c3c                HAL_PWR_EnterSLEEPMode
                0x08005c74                HAL_PWR_EnterSTOPMode
                0x08005ccc                HAL_PWR_EnterSTANDBYMode
                0x08005cfc                HAL_PWR_PVD_IRQHandler
                0x08005d20                HAL_PWR_PVDCallback
                0x08005d2e                HAL_PWR_EnableSleepOnExit
                0x08005d4c                HAL_PWR_DisableSleepOnExit
                0x08005d6c                HAL_PWR_EnableSEVOnPend
                0x08005d8c                HAL_PWR_DisableSEVOnPend
 .text          0x08005dac      0x3bc Drivers\src\stm32f4xx_hal_pwr_ex.o
                0x08005dac                HAL_PWREx_EnableBkUpReg
                0x08005df8                HAL_PWREx_DisableBkUpReg
                0x08005e44                HAL_PWREx_EnableFlashPowerDown
                0x08005e5c                HAL_PWREx_DisableFlashPowerDown
                0x08005e74                HAL_PWREx_GetVoltageRange
                0x08005e90                HAL_PWREx_ControlVoltageScaling
                0x08005f84                HAL_PWREx_EnableOverDrive
                0x08006024                HAL_PWREx_DisableOverDrive
                0x080060c4                HAL_PWREx_EnterUnderDriveSTOPMode
 .text          0x08006168      0xaf0 Drivers\src\stm32f4xx_hal_rcc.o
                0x08006178                HAL_RCC_OscConfig
                0x080065fc                HAL_RCC_ClockConfig
                0x080067c0                HAL_RCC_MCOConfig
                0x08006890                HAL_RCC_EnableCSS
                0x080068a8                HAL_RCC_DisableCSS
                0x080068c0                HAL_RCC_GetSysClockFreq
                0x08006a2c                HAL_RCC_GetHCLKFreq
                0x08006a44                HAL_RCC_GetPCLK1Freq
                0x08006a6c                HAL_RCC_GetPCLK2Freq
                0x08006a94                HAL_RCC_GetOscConfig
                0x08006bbc                HAL_RCC_GetClockConfig
                0x08006c20                HAL_RCC_NMI_IRQHandler
                0x08006c48                HAL_RCC_CSSCallback
 .text          0x08006c58      0x668 Drivers\src\stm32f4xx_hal_rcc_ex.o
                0x08006c58                HAL_RCCEx_PeriphCLKConfig
                0x08006fa0                HAL_RCCEx_GetPeriphCLKConfig
                0x08007084                HAL_RCCEx_GetPeriphCLKFreq
                0x0800713c                HAL_RCC_DeInit
 .text          0x080072c0     0x3e7c Drivers\src\stm32f4xx_hal_tim.o
                0x080072c0                HAL_TIM_Base_Init
                0x08007316                HAL_TIM_Base_DeInit
                0x08007376                HAL_TIM_Base_MspInit
                0x0800738a                HAL_TIM_Base_MspDeInit
                0x0800739e                HAL_TIM_Base_Start
                0x080073d4                HAL_TIM_Base_Stop
                0x0800742a                HAL_TIM_Base_Start_IT
                0x08007460                HAL_TIM_Base_Stop_IT
                0x080074b6                HAL_TIM_Base_Start_DMA
                0x08007550                HAL_TIM_Base_Stop_DMA
                0x080075ae                HAL_TIM_OC_Init
                0x08007604                HAL_TIM_OC_DeInit
                0x08007664                HAL_TIM_OC_MspInit
                0x08007678                HAL_TIM_OC_MspDeInit
                0x0800768c                HAL_TIM_OC_Start
                0x080076f4                HAL_TIM_OC_Stop
                0x0800779c                HAL_TIM_OC_Start_IT
                0x08007890                HAL_TIM_OC_Stop_IT
                0x080079c4                HAL_TIM_OC_Start_DMA
                0x08007b88                HAL_TIM_OC_Stop_DMA
                0x08007cc4                HAL_TIM_PWM_Init
                0x08007d1a                HAL_TIM_PWM_DeInit
                0x08007d7a                HAL_TIM_PWM_MspInit
                0x08007d8e                HAL_TIM_PWM_MspDeInit
                0x08007da2                HAL_TIM_PWM_Start
                0x08007e0c                HAL_TIM_PWM_Stop
                0x08007ebc                HAL_TIM_PWM_Start_IT
                0x08007fb0                HAL_TIM_PWM_Stop_IT
                0x080080e4                HAL_TIM_PWM_Start_DMA
                0x080082a8                HAL_TIM_PWM_Stop_DMA
                0x080083e4                HAL_TIM_IC_Init
                0x0800843a                HAL_TIM_IC_DeInit
                0x0800849a                HAL_TIM_IC_MspInit
                0x080084ae                HAL_TIM_IC_MspDeInit
                0x080084c2                HAL_TIM_IC_Start
                0x080084f4                HAL_TIM_IC_Stop
                0x08008546                HAL_TIM_IC_Start_IT
                0x08008602                HAL_TIM_IC_Stop_IT
                0x080086de                HAL_TIM_IC_Start_DMA
                0x08008870                HAL_TIM_IC_Stop_DMA
                0x08008956                HAL_TIM_OnePulse_Init
                0x080089ce                HAL_TIM_OnePulse_DeInit
                0x08008a2e                HAL_TIM_OnePulse_MspInit
                0x08008a42                HAL_TIM_OnePulse_MspDeInit
                0x08008a56                HAL_TIM_OnePulse_Start
                0x08008abc                HAL_TIM_OnePulse_Stop
                0x08008b74                HAL_TIM_OnePulse_Start_IT
                0x08008bfc                HAL_TIM_OnePulse_Stop_IT
                0x08008cd4                HAL_TIM_Encoder_Init
                0x08008e00                HAL_TIM_Encoder_DeInit
                0x08008e60                HAL_TIM_Encoder_MspInit
                0x08008e74                HAL_TIM_Encoder_MspDeInit
                0x08008e88                HAL_TIM_Encoder_Start
                0x08008ef6                HAL_TIM_Encoder_Stop
                0x08008f84                HAL_TIM_Encoder_Start_IT
                0x08009032                HAL_TIM_Encoder_Stop_IT
                0x08009106                HAL_TIM_Encoder_Start_DMA
                0x080092b0                HAL_TIM_Encoder_Stop_DMA
                0x08009384                HAL_TIM_IRQHandler
                0x08009594                HAL_TIM_OC_ConfigChannel
                0x08009654                HAL_TIM_IC_ConfigChannel
                0x0800978c                HAL_TIM_PWM_ConfigChannel
                0x08009918                HAL_TIM_OnePulse_ConfigChannel
                0x08009a98                HAL_TIM_DMABurst_WriteStart
                0x08009c7c                HAL_TIM_DMABurst_WriteStop
                0x08009d2c                HAL_TIM_DMABurst_ReadStart
                0x08009f10                HAL_TIM_DMABurst_ReadStop
                0x08009fc0                HAL_TIM_GenerateEvent
                0x0800a00e                HAL_TIM_ConfigOCrefClear
                0x0800a160                HAL_TIM_ConfigClockSource
                0x0800a316                HAL_TIM_ConfigTI1Input
                0x0800a352                HAL_TIM_SlaveConfigSynchronization
                0x0800a3bc                HAL_TIM_SlaveConfigSynchronization_IT
                0x0800a426                HAL_TIM_ReadCapturedValue
                0x0800a4cc                HAL_TIM_PeriodElapsedCallback
                0x0800a4e0                HAL_TIM_OC_DelayElapsedCallback
                0x0800a4f4                HAL_TIM_IC_CaptureCallback
                0x0800a508                HAL_TIM_PWM_PulseFinishedCallback
                0x0800a51c                HAL_TIM_TriggerCallback
                0x0800a530                HAL_TIM_ErrorCallback
                0x0800a544                HAL_TIM_Base_GetState
                0x0800a560                HAL_TIM_OC_GetState
                0x0800a57c                HAL_TIM_PWM_GetState
                0x0800a598                HAL_TIM_IC_GetState
                0x0800a5b4                HAL_TIM_OnePulse_GetState
                0x0800a5d0                HAL_TIM_Encoder_GetState
                0x0800a5ec                TIM_Base_SetConfig
                0x0800a740                TIM_TI1_SetConfig
                0x0800a838                TIM_OC2_SetConfig
                0x0800a928                TIM_DMADelayPulseCplt
                0x0800a998                TIM_DMAError
                0x0800a9bc                TIM_DMACaptureCplt
                0x0800aa2c                TIM_CCxChannelCmd
 .text          0x0800b13c     0x14c0 Drivers\src\stm32f4xx_hal_tim_ex.o
                0x0800b13c                HAL_TIMEx_HallSensor_Init
                0x0800b252                HAL_TIMEx_HallSensor_DeInit
                0x0800b2b2                HAL_TIMEx_HallSensor_MspInit
                0x0800b2c6                HAL_TIMEx_HallSensor_MspDeInit
                0x0800b2da                HAL_TIMEx_HallSensor_Start
                0x0800b30a                HAL_TIMEx_HallSensor_Stop
                0x0800b35a                HAL_TIMEx_HallSensor_Start_IT
                0x0800b39a                HAL_TIMEx_HallSensor_Stop_IT
                0x0800b3fa                HAL_TIMEx_HallSensor_Start_DMA
                0x0800b4a0                HAL_TIMEx_HallSensor_Stop_DMA
                0x0800b500                HAL_TIMEx_OCN_Start
                0x0800b542                HAL_TIMEx_OCN_Stop
                0x0800b5c4                HAL_TIMEx_OCN_Start_IT
                0x0800b6a2                HAL_TIMEx_OCN_Stop_IT
                0x0800b7ce                HAL_TIMEx_OCN_Start_DMA
                0x0800b970                HAL_TIMEx_OCN_Stop_DMA
                0x0800ba86                HAL_TIMEx_PWMN_Start
                0x0800bac8                HAL_TIMEx_PWMN_Stop
                0x0800bb4a                HAL_TIMEx_PWMN_Start_IT
                0x0800bc26                HAL_TIMEx_PWMN_Stop_IT
                0x0800bd52                HAL_TIMEx_PWMN_Start_DMA
                0x0800bef4                HAL_TIMEx_PWMN_Stop_DMA
                0x0800c00a                HAL_TIMEx_OnePulseN_Start
                0x0800c03c                HAL_TIMEx_OnePulseN_Stop
                0x0800c0be                HAL_TIMEx_OnePulseN_Start_IT
                0x0800c110                HAL_TIMEx_OnePulseN_Stop_IT
                0x0800c1b2                HAL_TIMEx_ConfigCommutationEvent
                0x0800c252                HAL_TIMEx_ConfigCommutationEvent_IT
                0x0800c302                HAL_TIMEx_ConfigCommutationEvent_DMA
                0x0800c3cc                HAL_TIMEx_MasterConfigSynchronization
                0x0800c456                HAL_TIMEx_ConfigBreakDeadTime
                0x0800c508                HAL_TIMEx_RemapConfig
                0x0800c54e                HAL_TIMEx_CommutationCallback
                0x0800c562                HAL_TIMEx_BreakCallback
                0x0800c576                HAL_TIMEx_HallSensor_GetState
                0x0800c592                TIMEx_DMACommutationCplt
 .text          0x0800c5fc        0x0 Drivers\src\stm32f4xx_hal_uart.o
 .text          0x0800c5fc        0x0 FreeRTOS\croutine.o
 .text          0x0800c5fc      0x5fc FreeRTOS\event_groups.o
                0x0800c5fc                xEventGroupCreate
                0x0800c62a                xEventGroupSync
                0x0800c780                xEventGroupWaitBits
                0x0800c914                xEventGroupClearBits
                0x0800c980                xEventGroupGetBitsFromISR
                0x0800c9c6                xEventGroupSetBits
                0x0800cad8                vEventGroupDelete
                0x0800cb38                vEventGroupSetBitsCallback
                0x0800cb52                vEventGroupClearBitsCallback
                0x0800cbb0                uxEventGroupGetNumber
                0x0800cbdc                vEventGroupSetNumber
 .text          0x0800cbf8      0x168 FreeRTOS\list.o
                0x0800cbf8                vListInitialise
                0x0800cc38                vListInitialiseItem
                0x0800cc52                vListInsertEnd
                0x0800cc9a                vListInsert
                0x0800cd0c                uxListRemove
 .text          0x0800cd60      0x4c0 FreeRTOS\portable\GCC\ARM_CM4F\port.o
                0x0800cd60                pxPortInitialiseStack
                0x0800ce1c                SVC_Handler
                0x0800ce6a                xPortStartScheduler
                0x0800cfc8                vPortEndScheduler
                0x0800cffc                vPortEnterCritical
                0x0800d058                vPortExitCritical
                0x0800d0a8                PendSV_Handler
                0x0800d116                SysTick_Handler
                0x0800d158                vPortSetupTimerInterrupt
                0x0800d19c                vPortValidateInterruptPriority
 .text          0x0800d220       0xf0 FreeRTOS\portable\MemMang\heap_1.o
                0x0800d220                pvPortMalloc
                0x0800d2ac                vPortFree
                0x0800d2da                vPortInitialiseBlocks
                0x0800d2f4                xPortGetFreeHeapSize
 .text          0x0800d310     0x1ef4 FreeRTOS\queue.o
                0x0800d310                xQueueGenericReset
                0x0800d3e0                xQueueGenericCreate
                0x0800d5ec                xQueueCreateMutex
                0x0800d61c                xQueueGenericSend
                0x0800da04                xQueueGenericSendFromISR
                0x0800dbf8                xQueueGiveFromISR
                0x0800ddd4                xQueueReceive
                0x0800e1d8                xQueueSemaphoreTake
                0x0800e630                xQueuePeek
                0x0800e9dc                xQueueReceiveFromISR
                0x0800eba0                xQueuePeekFromISR
                0x0800ec6a                uxQueueMessagesWaiting
                0x0800eca4                uxQueueSpacesAvailable
                0x0800ece8                uxQueueMessagesWaitingFromISR
                0x0800ed22                vQueueDelete
                0x0800ee6c                uxQueueGetQueueNumber
                0x0800ee84                vQueueSetQueueNumber
                0x0800eea0                ucQueueGetQueueType
                0x0800f0da                xQueueIsQueueEmptyFromISR
                0x0800f150                xQueueIsQueueFullFromISR
                0x0800f19a                vQueueWaitForMessageRestricted
 .text          0x0800f204      0xc80 FreeRTOS\stream_buffer.o
                0x0800f204                xStreamBufferGenericCreate
                0x0800f2b4                vStreamBufferDelete
                0x0800f300                xStreamBufferReset
                0x0800f376                xStreamBufferSetTriggerLevel
                0x0800f3d0                xStreamBufferSpacesAvailable
                0x0800f434                xStreamBufferBytesAvailable
                0x0800f46c                xStreamBufferSend
                0x0800f5ce                xStreamBufferSendFromISR
                0x0800f724                xStreamBufferReceive
                0x0800f848                xStreamBufferNextMessageLengthBytes
                0x0800f8d6                xStreamBufferReceiveFromISR
                0x0800fa12                xStreamBufferIsEmpty
                0x0800fa60                xStreamBufferIsFull
                0x0800fabe                xStreamBufferSendCompletedFromISR
                0x0800fb40                xStreamBufferReceiveCompletedFromISR
                0x0800fe32                uxStreamBufferGetStreamBufferNumber
                0x0800fe4a                vStreamBufferSetStreamBufferNumber
                0x0800fe66                ucStreamBufferGetStreamBufferType
 .text          0x0800fe84     0x2ce8 FreeRTOS\tasks.o
                0x0800fe84                xTaskCreate
                0x080101d0                vTaskDelete
                0x080103bc                vTaskDelayUntil
                0x08010520                vTaskDelay
                0x080105f8                eTaskGetState
                0x080106c4                uxTaskPriorityGet
                0x080106f8                uxTaskPriorityGetFromISR
                0x08010750                vTaskPrioritySet
                0x08010924                vTaskSuspend
                0x08010b00                vTaskResume
                0x08010c28                xTaskResumeFromISR
                0x08010d5c                vTaskStartScheduler
                0x08010e28                vTaskEndScheduler
                0x08010e58                vTaskSuspendAll
                0x08010e74                xTaskResumeAll
                0x08010fd4                xTaskGetTickCount
                0x08010ff4                xTaskGetTickCountFromISR
                0x08011018                uxTaskGetNumberOfTasks
                0x08011030                pcTaskGetName
                0x08011078                uxTaskGetSystemState
                0x08011194                xTaskIncrementTick
                0x08011354                vTaskSwitchContext
                0x0801143c                vTaskPlaceOnEventList
                0x08011484                vTaskPlaceOnUnorderedEventList
                0x080114f8                vTaskPlaceOnEventListRestricted
                0x080115c4                xTaskRemoveFromEventList
                0x080116b0                vTaskRemoveFromUnorderedEventList
                0x08011798                vTaskSetTimeOutState
                0x080117e4                vTaskInternalSetTimeOutState
                0x08011810                xTaskCheckForTimeOut
                0x080118d0                vTaskMissedYield
                0x080118e8                uxTaskGetTaskNumber
                0x08011914                vTaskSetTaskNumber
                0x08011a40                vTaskGetInfo
                0x08011c48                xTaskGetCurrentTaskHandle
                0x08011c68                xTaskGetSchedulerState
                0x08011ca4                xTaskPriorityInherit
                0x08011e2c                xTaskPriorityDisinherit
                0x08011fb8                vTaskPriorityDisinheritAfterTimeout
                0x08012170                uxTaskResetEventItemValue
                0x080121a0                pvTaskIncrementMutexHeldCount
                0x080121c8                ulTaskNotifyTake
                0x08012390                xTaskNotifyWait
                0x0801250c                xTaskGenericNotify
                0x080126e0                xTaskGenericNotifyFromISR
                0x080128e4                vTaskNotifyGiveFromISR
                0x08012a54                xTaskNotifyStateClear
 .text          0x08012b6c      0x7f0 FreeRTOS\timers.o
                0x08012b6c                xTimerCreateTimerTask
                0x08012bcc                xTimerCreate
                0x08012c68                xTimerGenericCommand
                0x08012d00                xTimerGetTimerDaemonTaskHandle
                0x08012d38                xTimerGetPeriod
                0x08012d6e                xTimerGetExpiryTime
                0x08012da8                pcTimerGetName
                0x08013260                xTimerIsTimerActive
                0x080132aa                pvTimerGetTimerID
                0x080132e8                vTimerSetTimerID
                0x08013326                uxTimerGetTimerNumber
                0x0801333e                vTimerSetTimerNumber
 .text          0x0801335c      0x4e0 FreeRTOS-Plus-Trace\trcKernelPort.o
                0x0801335c                prvTraceGetQueueNumber
                0x08013374                prvTraceGetQueueType
                0x0801338c                prvTraceGetTaskNumberLow16
                0x080133a6                prvTraceGetTaskNumberHigh16
                0x080133c2                prvTraceSetTaskNumberLow16
                0x080133ee                prvTraceSetTaskNumberHigh16
                0x0801341a                prvTraceGetQueueNumberLow16
                0x08013434                prvTraceGetQueueNumberHigh16
                0x08013450                prvTraceSetQueueNumberLow16
                0x0801347c                prvTraceSetQueueNumberHigh16
                0x080134a8                vTraceSetQueueName
                0x080134ce                vTraceSetSemaphoreName
                0x080134f4                vTraceSetMutexName
                0x0801351a                prvTraceGetCurrentTaskHandle
                0x08013528                vTraceInitObjectPropertyTable
                0x080136c4                vTraceInitObjectHandleStack
                0x0801378c                pszTraceGetErrorNotEnoughHandles
                0x08013824                prvTraceIsSchedulerSuspended
 .text          0x0801383c     0x23e8 FreeRTOS-Plus-Trace\trcSnapshotRecorder.o
                0x0801383c                vTraceEnable
                0x08013880                vTraceSetStopHook
                0x080138a0                vTraceClear
                0x08013948                uiTraceStart
                0x08013a24                vTraceStart
                0x08013a30                vTraceStop
                0x08013a60                xTraceIsRecordingEnabled
                0x08013a84                xTraceGetLastError
                0x08013a9c                vTraceClearError
                0x08013acc                xTraceGetTraceBuffer
                0x08013ae4                uiTraceGetTraceBufferSize
                0x08013b90                vTraceInstanceFinishedNext
                0x08013b9e                vTraceInstanceFinishedNow
                0x08013bac                xTraceSetISRProperties
                0x08013c3c                vTraceStoreISRBegin
                0x08013d58                vTraceStoreISREnd
                0x080142c0                vTracePrintF
                0x08014438                vTracePrint
                0x080144d4                xTraceRegisterString
                0x0801451c                prvTraceSetReadyEventsEnabled
                0x0801453c                prvTraceStoreTaskReady
                0x08014604                prvTraceStoreLowPower
                0x080146ac                prvTraceStoreKernelCall
                0x080147a4                prvTraceStoreKernelCallWithParam
                0x0801492c                prvTraceStoreKernelCallWithNumericParamOnly
                0x080149f4                prvTraceStoreTaskswitch
                0x08014ad4                prvTraceStoreObjectNameOnCloseEvent
                0x08014b78                prvTraceStoreObjectPropertiesOnCloseEvent
                0x08014c48                prvTraceSetPriorityProperty
                0x08014cc0                prvTraceGetPriorityProperty
                0x08014d3c                prvTraceSetObjectState
                0x08014e2c                prvTraceSetTaskInstanceFinished
                0x080150f4                uiIndexOfObject
                0x080151a4                prvTraceGetObjectHandle
                0x080152fc                prvTraceFreeObjectHandle
                0x080153a0                prvMarkObjectAsUsed
                0x08015428                prvTraceSetObjectName
                0x08015584                vTraceSetFrequency
                0x080155a4                prvTraceError
                0x080155fc                vTraceSetFilterMask
                0x0801561c                vTraceSetFilterGroup
                0x08015b24                prvTraceInitCortexM
                0x08015b90                prvTracePortGetTimeStamp
 .text          0x08015c24        0x0 FreeRTOS-Plus-Trace\trcStreamingRecorder.o
 .text          0x08015c24        0x0 app\src\GlobalParameters.o
 .text          0x08015c24       0xc4 app\src\Register.o
                0x08015c24                Registre_init
 .text          0x08015ce8      0x324 app\src\Task_ASSERV.o
                0x08015ce8                vTask_ASSERV
 .text          0x0801600c      0x108 app\src\Task_CAN.o
                0x08016094                vTask_CAN1
                0x080160d4                vTask_CAN2
 .text          0x08016114      0x3b0 app\src\main.o
                0x08016114                main
                0x080162f0                vTaskTimer
                0x0801631c                SystemClock_Config
 .text          0x080164c4      0x3ec app\src\printf-stdarg.o
                0x0801685c                my_printf
                0x08016884                my_sprintf
 .text          0x080168b0       0x90 app\src\stm32f4xx_it.o
                0x080168b0                NMI_Handler
                0x080168be                HardFault_Handler
                0x080168c4                MemManage_Handler
                0x080168ca                BusFault_Handler
                0x080168d0                UsageFault_Handler
                0x080168d6                DebugMon_Handler
                0x080168e4                EXTI4_IRQHandler
                0x08016914                Handler
                0x0801692a                CAN2_RX1_IRQHandler
 .text          0x08016940      0x810 bsp\src\bsp.o
                0x080169c8                BSP_LED_Init
                0x08016a4c                BSP_LED_On
                0x08016a90                BSP_LED_Off
                0x08016ad8                BSP_LED_Toggle
                0x08016b2c                BSP_NVIC_Init
                0x08016b42                BSP_PB_Init
                0x08016bd4                BSP_PB_GetState
                0x08016c04                BSP_Console_Init
                0x08016ca4                BSP_GPIO_Init
                0x08016efc                BSP_PWM_Init
                0x0801700c                BSP_CAN1_Init
                0x08017098                BSP_CAN2_Init
 .text          0x08017150      0x5d8 bsp\src\can.o
                0x08017150                CAN1_Init
                0x08017190                CAN2_Init
                0x080171d0                CAN_ConfigFilter
                0x080172b8                CAN_Start
                0x08017304                CAN_TxMessage
                0x080174b4                CAN_RxMessage
                0x080176f0                CAN_RxFifoFillLevel
 .text          0x08017728       0x5e bsp\src\delay.o
                0x08017728                delay_ms
                0x08017758                delay_us
 *fill*         0x08017786        0x2 
 .text          0x08017788       0xe4 bsp\src\encodeur.o
                0x08017788                mode_Pre_Operationnel
                0x080177b8                mode_Operationnel
                0x08017812                ConfigEncodeur
 .text          0x0801786c       0x14 cmsis\device\src\startup_stm32f429xx.o
 .text          0x08017880      0x160 cmsis\device\src\system_stm32f4xx.o
                0x08017880                SystemInit
                0x080178ec                SystemCoreClockUpdate
 .text          0x080179e0        0x0 c:/program files (x86)/atollic/truestudio for stm32 9.1.0/armtools/bin/../lib/gcc/arm-atollic-eabi/6.3.1/../../../../arm-atollic-eabi/lib/armv7e-m/fpu\libc_nano.a(lib_a-init.o)
 .text          0x080179e0        0x0 c:/program files (x86)/atollic/truestudio for stm32 9.1.0/armtools/bin/../lib/gcc/arm-atollic-eabi/6.3.1/../../../../arm-atollic-eabi/lib/armv7e-m/fpu\libc_nano.a(lib_a-memcpy-stub.o)
 .text          0x080179e0        0x0 c:/program files (x86)/atollic/truestudio for stm32 9.1.0/armtools/bin/../lib/gcc/arm-atollic-eabi/6.3.1/../../../../arm-atollic-eabi/lib/armv7e-m/fpu\libc_nano.a(lib_a-memset.o)
 .text          0x080179e0        0x0 c:/program files (x86)/atollic/truestudio for stm32 9.1.0/armtools/bin/../lib/gcc/arm-atollic-eabi/6.3.1/../../../../arm-atollic-eabi/lib/armv7e-m/fpu\libc_nano.a(lib_a-strncmp.o)
 .text          0x080179e0      0x370 c:/program files (x86)/atollic/truestudio for stm32 9.1.0/armtools/bin/../lib/gcc/arm-atollic-eabi/6.3.1/armv7e-m/fpu\libgcc.a(_arm_addsubdf3.o)
                0x080179e0                __aeabi_drsub
                0x080179e8                __aeabi_dsub
                0x080179e8                __subdf3
                0x080179ec                __aeabi_dadd
                0x080179ec                __adddf3
                0x08017c64                __floatunsidf
                0x08017c64                __aeabi_ui2d
                0x08017c84                __floatsidf
                0x08017c84                __aeabi_i2d
                0x08017ca8                __aeabi_f2d
                0x08017ca8                __extendsfdf2
                0x08017ce4                __floatundidf
                0x08017ce4                __aeabi_ul2d
                0x08017cf4                __floatdidf
                0x08017cf4                __aeabi_l2d
 .text          0x08017d50      0x110 c:/program files (x86)/atollic/truestudio for stm32 9.1.0/armtools/bin/../lib/gcc/arm-atollic-eabi/6.3.1/armv7e-m/fpu\libgcc.a(_arm_cmpdf2.o)
                0x08017d50                __gtdf2
                0x08017d50                __gedf2
                0x08017d58                __ltdf2
                0x08017d58                __ledf2
                0x08017d60                __nedf2
                0x08017d60                __eqdf2
                0x08017d60                __cmpdf2
                0x08017ddc                __aeabi_cdrcmple
                0x08017dec                __aeabi_cdcmpeq
                0x08017dec                __aeabi_cdcmple
                0x08017dfc                __aeabi_dcmpeq
                0x08017e10                __aeabi_dcmplt
                0x08017e24                __aeabi_dcmple
                0x08017e38                __aeabi_dcmpge
                0x08017e4c                __aeabi_dcmpgt
 .text          0x08017e60       0x40 c:/program files (x86)/atollic/truestudio for stm32 9.1.0/armtools/bin/../lib/gcc/arm-atollic-eabi/6.3.1/armv7e-m/fpu\libgcc.a(_arm_fixunsdfsi.o)
                0x08017e60                __aeabi_d2uiz
                0x08017e60                __fixunsdfsi
 .text          0x08017ea0       0x30 c:/program files (x86)/atollic/truestudio for stm32 9.1.0/armtools/bin/../lib/gcc/arm-atollic-eabi/6.3.1/armv7e-m/fpu\libgcc.a(_aeabi_uldivmod.o)
                0x08017ea0                __aeabi_uldivmod
 .text          0x08017ed0      0x2dc c:/program files (x86)/atollic/truestudio for stm32 9.1.0/armtools/bin/../lib/gcc/arm-atollic-eabi/6.3.1/armv7e-m/fpu\libgcc.a(_udivmoddi4.o)
                0x08017ed0                __udivmoddi4
 .text          0x080181ac        0x4 c:/program files (x86)/atollic/truestudio for stm32 9.1.0/armtools/bin/../lib/gcc/arm-atollic-eabi/6.3.1/armv7e-m/fpu\libgcc.a(_dvmd_tls.o)
                0x080181ac                __aeabi_idiv0
                0x080181ac                __aeabi_ldiv0
 .text          0x080181b0        0x0 c:/program files (x86)/atollic/truestudio for stm32 9.1.0/armtools/bin/../lib/gcc/arm-atollic-eabi/6.3.1/armv7e-m/fpu/crtend.o
 .text          0x080181b0        0x0 c:/program files (x86)/atollic/truestudio for stm32 9.1.0/armtools/bin/../lib/gcc/arm-atollic-eabi/6.3.1/armv7e-m/fpu/crtn.o
 *(.text*)
 .text.Reset_Handler
                0x080181b0       0x50 cmsis\device\src\startup_stm32f429xx.o
                0x080181b0                Reset_Handler
 .text.Default_Handler
                0x08018200        0x2 cmsis\device\src\startup_stm32f429xx.o
                0x08018200                RTC_Alarm_IRQHandler
                0x08018200                HASH_RNG_IRQHandler
                0x08018200                EXTI2_IRQHandler
                0x08018200                TIM8_CC_IRQHandler
                0x08018200                UART8_IRQHandler
                0x08018200                SPI4_IRQHandler
                0x08018200                TIM1_CC_IRQHandler
                0x08018200                DMA2_Stream5_IRQHandler
                0x08018200                DMA1_Stream5_IRQHandler
                0x08018200                PVD_IRQHandler
                0x08018200                SDIO_IRQHandler
                0x08018200                TAMP_STAMP_IRQHandler
                0x08018200                EXTI3_IRQHandler
                0x08018200                TIM8_TRG_COM_TIM14_IRQHandler
                0x08018200                TIM1_UP_TIM10_IRQHandler
                0x08018200                TIM8_UP_TIM13_IRQHandler
                0x08018200                I2C3_ER_IRQHandler
                0x08018200                EXTI0_IRQHandler
                0x08018200                I2C2_EV_IRQHandler
                0x08018200                DMA1_Stream2_IRQHandler
                0x08018200                CAN1_RX0_IRQHandler
                0x08018200                FPU_IRQHandler
                0x08018200                OTG_HS_WKUP_IRQHandler
                0x08018200                LTDC_ER_IRQHandler
                0x08018200                CAN2_SCE_IRQHandler
                0x08018200                DMA2_Stream2_IRQHandler
                0x08018200                SPI1_IRQHandler
                0x08018200                TIM6_DAC_IRQHandler
                0x08018200                TIM1_BRK_TIM9_IRQHandler
                0x08018200                DCMI_IRQHandler
                0x08018200                CAN2_RX0_IRQHandler
                0x08018200                DMA2_Stream3_IRQHandler
                0x08018200                USART6_IRQHandler
                0x08018200                USART3_IRQHandler
                0x08018200                CAN1_RX1_IRQHandler
                0x08018200                UART5_IRQHandler
                0x08018200                DMA2_Stream0_IRQHandler
                0x08018200                TIM4_IRQHandler
                0x08018200                I2C1_EV_IRQHandler
                0x08018200                DMA1_Stream6_IRQHandler
                0x08018200                DMA1_Stream1_IRQHandler
                0x08018200                UART4_IRQHandler
                0x08018200                TIM3_IRQHandler
                0x08018200                RCC_IRQHandler
                0x08018200                TIM8_BRK_TIM12_IRQHandler
                0x08018200                Default_Handler
                0x08018200                EXTI15_10_IRQHandler
                0x08018200                ADC_IRQHandler
                0x08018200                DMA1_Stream7_IRQHandler
                0x08018200                SPI5_IRQHandler
                0x08018200                TIM7_IRQHandler
                0x08018200                CAN2_TX_IRQHandler
                0x08018200                TIM5_IRQHandler
                0x08018200                DMA2_Stream7_IRQHandler
                0x08018200                I2C3_EV_IRQHandler
                0x08018200                EXTI9_5_IRQHandler
                0x08018200                RTC_WKUP_IRQHandler
                0x08018200                LTDC_IRQHandler
                0x08018200                ETH_WKUP_IRQHandler
                0x08018200                SPI2_IRQHandler
                0x08018200                OTG_HS_EP1_IN_IRQHandler
                0x08018200                DMA1_Stream0_IRQHandler
                0x08018200                CAN1_TX_IRQHandler
                0x08018200                ETH_IRQHandler
                0x08018200                OTG_HS_EP1_OUT_IRQHandler
                0x08018200                WWDG_IRQHandler
                0x08018200                SPI6_IRQHandler
                0x08018200                TIM2_IRQHandler
                0x08018200                OTG_FS_WKUP_IRQHandler
                0x08018200                TIM1_TRG_COM_TIM11_IRQHandler
                0x08018200                OTG_HS_IRQHandler
                0x08018200                DMA2D_IRQHandler
                0x08018200                EXTI1_IRQHandler
                0x08018200                UART7_IRQHandler
                0x08018200                USART2_IRQHandler
                0x08018200                I2C2_ER_IRQHandler
                0x08018200                DMA2_Stream1_IRQHandler
                0x08018200                CAN1_SCE_IRQHandler
                0x08018200                FLASH_IRQHandler
                0x08018200                DMA2_Stream4_IRQHandler
                0x08018200                USART1_IRQHandler
                0x08018200                OTG_FS_IRQHandler
                0x08018200                SPI3_IRQHandler
                0x08018200                DMA1_Stream4_IRQHandler
                0x08018200                I2C1_ER_IRQHandler
                0x08018200                FMC_IRQHandler
                0x08018200                DMA2_Stream6_IRQHandler
                0x08018200                SAI1_IRQHandler
                0x08018200                DMA1_Stream3_IRQHandler
 *fill*         0x08018202        0x2 
 .text.__libc_init_array
                0x08018204       0x48 c:/program files (x86)/atollic/truestudio for stm32 9.1.0/armtools/bin/../lib/gcc/arm-atollic-eabi/6.3.1/../../../../arm-atollic-eabi/lib/armv7e-m/fpu\libc_nano.a(lib_a-init.o)
                0x08018204                __libc_init_array
 .text.memcpy   0x0801824c       0x16 c:/program files (x86)/atollic/truestudio for stm32 9.1.0/armtools/bin/../lib/gcc/arm-atollic-eabi/6.3.1/../../../../arm-atollic-eabi/lib/armv7e-m/fpu\libc_nano.a(lib_a-memcpy-stub.o)
                0x0801824c                memcpy
 .text.memset   0x08018262       0x10 c:/program files (x86)/atollic/truestudio for stm32 9.1.0/armtools/bin/../lib/gcc/arm-atollic-eabi/6.3.1/../../../../arm-atollic-eabi/lib/armv7e-m/fpu\libc_nano.a(lib_a-memset.o)
                0x08018262                memset
 .text.strncmp  0x08018272       0x24 c:/program files (x86)/atollic/truestudio for stm32 9.1.0/armtools/bin/../lib/gcc/arm-atollic-eabi/6.3.1/../../../../arm-atollic-eabi/lib/armv7e-m/fpu\libc_nano.a(lib_a-strncmp.o)
                0x08018272                strncmp
 *(.glue_7)
 .glue_7        0x08018296        0x0 linker stubs
 *(.glue_7t)
 .glue_7t       0x08018296        0x0 linker stubs
 *(.eh_frame)
 *fill*         0x08018296        0x2 
 .eh_frame      0x08018298        0x0 c:/program files (x86)/atollic/truestudio for stm32 9.1.0/armtools/bin/../lib/gcc/arm-atollic-eabi/6.3.1/armv7e-m/fpu/crtbegin.o
 .eh_frame      0x08018298        0x4 c:/program files (x86)/atollic/truestudio for stm32 9.1.0/armtools/bin/../lib/gcc/arm-atollic-eabi/6.3.1/armv7e-m/fpu/crtend.o
 *(.init)
 .init          0x0801829c        0x4 c:/program files (x86)/atollic/truestudio for stm32 9.1.0/armtools/bin/../lib/gcc/arm-atollic-eabi/6.3.1/armv7e-m/fpu/crti.o
                0x0801829c                _init
 .init          0x080182a0        0x8 c:/program files (x86)/atollic/truestudio for stm32 9.1.0/armtools/bin/../lib/gcc/arm-atollic-eabi/6.3.1/armv7e-m/fpu/crtn.o
 *(.fini)
 .fini          0x080182a8        0x4 c:/program files (x86)/atollic/truestudio for stm32 9.1.0/armtools/bin/../lib/gcc/arm-atollic-eabi/6.3.1/armv7e-m/fpu/crti.o
                0x080182a8                _fini
 .fini          0x080182ac        0x8 c:/program files (x86)/atollic/truestudio for stm32 9.1.0/armtools/bin/../lib/gcc/arm-atollic-eabi/6.3.1/armv7e-m/fpu/crtn.o
                0x080182b4                . = ALIGN (0x4)
                0x080182b4                _etext = .

.vfp11_veneer   0x080182b4        0x0
 .vfp11_veneer  0x080182b4        0x0 linker stubs

.v4_bx          0x080182b4        0x0
 .v4_bx         0x080182b4        0x0 linker stubs

.iplt           0x080182b4        0x0
 .iplt          0x080182b4        0x0 c:/program files (x86)/atollic/truestudio for stm32 9.1.0/armtools/bin/../lib/gcc/arm-atollic-eabi/6.3.1/armv7e-m/fpu/crtbegin.o

.rodata         0x080182b4     0x1664
                0x080182b4                . = ALIGN (0x4)
 *(.rodata)
 .rodata        0x080182b4        0x8 Drivers\src\stm32f4xx_hal_dma.o
 .rodata        0x080182bc        0x4 FreeRTOS\portable\GCC\ARM_CM4F\port.o
 .rodata        0x080182c0        0x5 FreeRTOS\tasks.o
 *fill*         0x080182c5        0x3 
 .rodata        0x080182c8        0x8 FreeRTOS\timers.o
 .rodata        0x080182d0      0x2fe FreeRTOS-Plus-Trace\trcKernelPort.o
 *fill*         0x080185ce        0x2 
 .rodata        0x080185d0     0x10f8 FreeRTOS-Plus-Trace\trcSnapshotRecorder.o
 .rodata        0x080196c8       0x26 app\src\Task_ASSERV.o
 *fill*         0x080196ee        0x2 
 .rodata        0x080196f0       0x4e app\src\Task_CAN.o
 *fill*         0x0801973e        0x2 
 .rodata        0x08019740       0xff app\src\main.o
 *fill*         0x0801983f        0x1 
 .rodata        0x08019840        0x7 app\src\printf-stdarg.o
 *fill*         0x08019847        0x1 
 .rodata        0x08019848        0x2 app\src\stm32f4xx_it.o
 *fill*         0x0801984a        0x2 
 .rodata        0x0801984c       0x7b bsp\src\can.o
 *fill*         0x080198c7        0x1 
 .rodata        0x080198c8       0x37 bsp\src\encodeur.o
 *fill*         0x080198ff        0x1 
 .rodata        0x08019900       0x18 cmsis\device\src\system_stm32f4xx.o
                0x08019900                AHBPrescTable
                0x08019910                APBPrescTable
 *(.rodata*)
                0x08019918                . = ALIGN (0x4)

.ARM.extab      0x08019918        0x0
 *(.ARM.extab* .gnu.linkonce.armextab.*)
 .ARM.extab     0x08019918        0x0 c:/program files (x86)/atollic/truestudio for stm32 9.1.0/armtools/bin/../lib/gcc/arm-atollic-eabi/6.3.1/armv7e-m/fpu\libgcc.a(_udivmoddi4.o)

.ARM            0x08019918        0x8
                0x08019918                __exidx_start = .
 *(.ARM.exidx*)
 .ARM.exidx     0x08019918        0x8 c:/program files (x86)/atollic/truestudio for stm32 9.1.0/armtools/bin/../lib/gcc/arm-atollic-eabi/6.3.1/armv7e-m/fpu\libgcc.a(_udivmoddi4.o)
                0x08019920                __exidx_end = .

.rel.dyn        0x08019920        0x0
 .rel.iplt      0x08019920        0x0 c:/program files (x86)/atollic/truestudio for stm32 9.1.0/armtools/bin/../lib/gcc/arm-atollic-eabi/6.3.1/armv7e-m/fpu/crtbegin.o

.preinit_array  0x08019920        0x0
                0x08019920                PROVIDE (__preinit_array_start, .)
 *(.preinit_array*)
                0x08019920                PROVIDE (__preinit_array_end, .)

.init_array     0x08019920        0x4
                0x08019920                PROVIDE (__init_array_start, .)
 *(SORT(.init_array.*))
 *(.init_array*)
 .init_array    0x08019920        0x4 c:/program files (x86)/atollic/truestudio for stm32 9.1.0/armtools/bin/../lib/gcc/arm-atollic-eabi/6.3.1/armv7e-m/fpu/crtbegin.o
                0x08019924                PROVIDE (__init_array_end, .)

.fini_array     0x08019924        0x4
                [!provide]                PROVIDE (__fini_array_start, .)
 *(SORT(.fini_array.*))
 *(.fini_array*)
 .fini_array    0x08019924        0x4 c:/program files (x86)/atollic/truestudio for stm32 9.1.0/armtools/bin/../lib/gcc/arm-atollic-eabi/6.3.1/armv7e-m/fpu/crtbegin.o
                [!provide]                PROVIDE (__fini_array_end, .)
                0x08019928                _sidata = LOADADDR (.data)

.data           0x20000000       0x24 load address 0x08019928
                0x20000000                . = ALIGN (0x4)
                0x20000000                _sdata = .
 *(.data)
 .data          0x20000000        0x0 c:/program files (x86)/atollic/truestudio for stm32 9.1.0/armtools/bin/../lib/gcc/arm-atollic-eabi/6.3.1/armv7e-m/fpu/crti.o
 .data          0x20000000        0x4 c:/program files (x86)/atollic/truestudio for stm32 9.1.0/armtools/bin/../lib/gcc/arm-atollic-eabi/6.3.1/armv7e-m/fpu/crtbegin.o
                0x20000000                __dso_handle
 .data          0x20000004        0x5 Drivers\src\stm32f4xx_hal.o
                0x20000004                uwTickPrio
                0x20000008                uwTickFreq
 .data          0x20000009        0x0 Drivers\src\stm32f4xx_hal_can.o
 .data          0x20000009        0x0 Drivers\src\stm32f4xx_hal_cortex.o
 .data          0x20000009        0x0 Drivers\src\stm32f4xx_hal_dma.o
 .data          0x20000009        0x0 Drivers\src\stm32f4xx_hal_dma_ex.o
 .data          0x20000009        0x0 Drivers\src\stm32f4xx_hal_eth.o
 .data          0x20000009        0x0 Drivers\src\stm32f4xx_hal_flash.o
 .data          0x20000009        0x0 Drivers\src\stm32f4xx_hal_flash_ex.o
 .data          0x20000009        0x0 Drivers\src\stm32f4xx_hal_flash_ramfunc.o
 .data          0x20000009        0x0 Drivers\src\stm32f4xx_hal_gpio.o
 .data          0x20000009        0x0 Drivers\src\stm32f4xx_hal_pwr.o
 .data          0x20000009        0x0 Drivers\src\stm32f4xx_hal_pwr_ex.o
 .data          0x20000009        0x0 Drivers\src\stm32f4xx_hal_rcc.o
 .data          0x20000009        0x0 Drivers\src\stm32f4xx_hal_rcc_ex.o
 .data          0x20000009        0x0 Drivers\src\stm32f4xx_hal_tim.o
 .data          0x20000009        0x0 Drivers\src\stm32f4xx_hal_tim_ex.o
 .data          0x20000009        0x0 Drivers\src\stm32f4xx_hal_uart.o
 .data          0x20000009        0x0 FreeRTOS\croutine.o
 .data          0x20000009        0x0 FreeRTOS\event_groups.o
 .data          0x20000009        0x0 FreeRTOS\list.o
 *fill*         0x20000009        0x3 
 .data          0x2000000c        0x4 FreeRTOS\portable\GCC\ARM_CM4F\port.o
 .data          0x20000010        0x0 FreeRTOS\portable\MemMang\heap_1.o
 .data          0x20000010        0x0 FreeRTOS\queue.o
 .data          0x20000010        0x0 FreeRTOS\stream_buffer.o
 .data          0x20000010        0x0 FreeRTOS\tasks.o
 .data          0x20000010        0x0 FreeRTOS\timers.o
 .data          0x20000010        0x5 FreeRTOS-Plus-Trace\trcKernelPort.o
                0x20000010                TraceQueueClassTable
 *fill*         0x20000015        0x3 
 .data          0x20000018        0x8 FreeRTOS-Plus-Trace\trcSnapshotRecorder.o
                0x2000001c                CurrentFilterMask
                0x2000001e                CurrentFilterGroup
 .data          0x20000020        0x0 FreeRTOS-Plus-Trace\trcStreamingRecorder.o
 .data          0x20000020        0x0 app\src\GlobalParameters.o
 .data          0x20000020        0x0 app\src\Register.o
 .data          0x20000020        0x0 app\src\Task_ASSERV.o
 .data          0x20000020        0x0 app\src\Task_CAN.o
 .data          0x20000020        0x0 app\src\main.o
 .data          0x20000020        0x0 app\src\printf-stdarg.o
 .data          0x20000020        0x0 app\src\stm32f4xx_it.o
 .data          0x20000020        0x0 bsp\src\bsp.o
 .data          0x20000020        0x0 bsp\src\can.o
 .data          0x20000020        0x0 bsp\src\delay.o
 .data          0x20000020        0x0 bsp\src\encodeur.o
 .data          0x20000020        0x0 cmsis\device\src\startup_stm32f429xx.o
 .data          0x20000020        0x4 cmsis\device\src\system_stm32f4xx.o
                0x20000020                SystemCoreClock
 .data          0x20000024        0x0 c:/program files (x86)/atollic/truestudio for stm32 9.1.0/armtools/bin/../lib/gcc/arm-atollic-eabi/6.3.1/../../../../arm-atollic-eabi/lib/armv7e-m/fpu\libc_nano.a(lib_a-init.o)
 .data          0x20000024        0x0 c:/program files (x86)/atollic/truestudio for stm32 9.1.0/armtools/bin/../lib/gcc/arm-atollic-eabi/6.3.1/../../../../arm-atollic-eabi/lib/armv7e-m/fpu\libc_nano.a(lib_a-memcpy-stub.o)
 .data          0x20000024        0x0 c:/program files (x86)/atollic/truestudio for stm32 9.1.0/armtools/bin/../lib/gcc/arm-atollic-eabi/6.3.1/../../../../arm-atollic-eabi/lib/armv7e-m/fpu\libc_nano.a(lib_a-memset.o)
 .data          0x20000024        0x0 c:/program files (x86)/atollic/truestudio for stm32 9.1.0/armtools/bin/../lib/gcc/arm-atollic-eabi/6.3.1/../../../../arm-atollic-eabi/lib/armv7e-m/fpu\libc_nano.a(lib_a-strncmp.o)
 .data          0x20000024        0x0 c:/program files (x86)/atollic/truestudio for stm32 9.1.0/armtools/bin/../lib/gcc/arm-atollic-eabi/6.3.1/armv7e-m/fpu\libgcc.a(_arm_addsubdf3.o)
 .data          0x20000024        0x0 c:/program files (x86)/atollic/truestudio for stm32 9.1.0/armtools/bin/../lib/gcc/arm-atollic-eabi/6.3.1/armv7e-m/fpu\libgcc.a(_arm_cmpdf2.o)
 .data          0x20000024        0x0 c:/program files (x86)/atollic/truestudio for stm32 9.1.0/armtools/bin/../lib/gcc/arm-atollic-eabi/6.3.1/armv7e-m/fpu\libgcc.a(_arm_fixunsdfsi.o)
 .data          0x20000024        0x0 c:/program files (x86)/atollic/truestudio for stm32 9.1.0/armtools/bin/../lib/gcc/arm-atollic-eabi/6.3.1/armv7e-m/fpu\libgcc.a(_aeabi_uldivmod.o)
 .data          0x20000024        0x0 c:/program files (x86)/atollic/truestudio for stm32 9.1.0/armtools/bin/../lib/gcc/arm-atollic-eabi/6.3.1/armv7e-m/fpu\libgcc.a(_udivmoddi4.o)
 .data          0x20000024        0x0 c:/program files (x86)/atollic/truestudio for stm32 9.1.0/armtools/bin/../lib/gcc/arm-atollic-eabi/6.3.1/armv7e-m/fpu\libgcc.a(_dvmd_tls.o)
 .data          0x20000024        0x0 c:/program files (x86)/atollic/truestudio for stm32 9.1.0/armtools/bin/../lib/gcc/arm-atollic-eabi/6.3.1/armv7e-m/fpu/crtend.o
 .data          0x20000024        0x0 c:/program files (x86)/atollic/truestudio for stm32 9.1.0/armtools/bin/../lib/gcc/arm-atollic-eabi/6.3.1/armv7e-m/fpu/crtn.o
 *(.data*)
                0x20000024                . = ALIGN (0x4)
                0x20000024                _edata = .
                0x0801994c                _siccmram = LOADADDR (.ccmram)

.igot.plt       0x20000024        0x0 load address 0x0801994c
 .igot.plt      0x20000024        0x0 c:/program files (x86)/atollic/truestudio for stm32 9.1.0/armtools/bin/../lib/gcc/arm-atollic-eabi/6.3.1/armv7e-m/fpu/crtbegin.o

.ccmram         0x10000000        0x0 load address 0x0801994c
                0x10000000                . = ALIGN (0x4)
                0x10000000                _sccmram = .
 *(.ccmram)
 *(.ccmram*)
                0x10000000                . = ALIGN (0x4)
                0x10000000                _eccmram = .
                0x10000000                . = ALIGN (0x4)

.bss            0x20000024     0x381c
                0x20000024                _sbss = .
                0x20000024                __bss_start__ = _sbss
 *(.bss)
 .bss           0x20000024        0x0 c:/program files (x86)/atollic/truestudio for stm32 9.1.0/armtools/bin/../lib/gcc/arm-atollic-eabi/6.3.1/armv7e-m/fpu/crti.o
 .bss           0x20000024       0x1c c:/program files (x86)/atollic/truestudio for stm32 9.1.0/armtools/bin/../lib/gcc/arm-atollic-eabi/6.3.1/armv7e-m/fpu/crtbegin.o
 .bss           0x20000040        0x0 Drivers\src\stm32f4xx_hal.o
 .bss           0x20000040        0x0 Drivers\src\stm32f4xx_hal_can.o
 .bss           0x20000040        0x0 Drivers\src\stm32f4xx_hal_cortex.o
 .bss           0x20000040        0x0 Drivers\src\stm32f4xx_hal_dma.o
 .bss           0x20000040        0x0 Drivers\src\stm32f4xx_hal_dma_ex.o
 .bss           0x20000040        0x0 Drivers\src\stm32f4xx_hal_eth.o
 .bss           0x20000040        0x0 Drivers\src\stm32f4xx_hal_flash.o
 .bss           0x20000040        0x0 Drivers\src\stm32f4xx_hal_flash_ex.o
 .bss           0x20000040        0x0 Drivers\src\stm32f4xx_hal_flash_ramfunc.o
 .bss           0x20000040        0x0 Drivers\src\stm32f4xx_hal_gpio.o
 .bss           0x20000040        0x0 Drivers\src\stm32f4xx_hal_pwr.o
 .bss           0x20000040        0x0 Drivers\src\stm32f4xx_hal_pwr_ex.o
 .bss           0x20000040        0x0 Drivers\src\stm32f4xx_hal_rcc.o
 .bss           0x20000040        0x0 Drivers\src\stm32f4xx_hal_rcc_ex.o
 .bss           0x20000040        0x0 Drivers\src\stm32f4xx_hal_tim.o
 .bss           0x20000040        0x0 Drivers\src\stm32f4xx_hal_tim_ex.o
 .bss           0x20000040        0x0 Drivers\src\stm32f4xx_hal_uart.o
 .bss           0x20000040        0x0 FreeRTOS\croutine.o
 .bss           0x20000040        0x0 FreeRTOS\event_groups.o
 .bss           0x20000040        0x0 FreeRTOS\list.o
 .bss           0x20000040        0x8 FreeRTOS\portable\GCC\ARM_CM4F\port.o
 .bss           0x20000048     0x1c08 FreeRTOS\portable\MemMang\heap_1.o
 .bss           0x20001c50        0x0 FreeRTOS\queue.o
 .bss           0x20001c50        0x0 FreeRTOS\stream_buffer.o
 .bss           0x20001c50      0x104 FreeRTOS\tasks.o
                0x20001c50                pxCurrentTCB
 .bss           0x20001d54       0x3c FreeRTOS\timers.o
 .bss           0x20001d90        0x4 FreeRTOS-Plus-Trace\trcKernelPort.o
                0x20001d90                uiInEventGroupSetBitsFromISR
 .bss           0x20001d94       0xd8 FreeRTOS-Plus-Trace\trcSnapshotRecorder.o
                0x20001d9c                isPendingContextSwitch
                0x20001da0                uiTraceTickCount
                0x20001da4                trace_disable_timestamp
                0x20001dac                recorder_busy
                0x20001db0                timestampFrequency
                0x20001db4                traceErrorMessage
                0x20001db8                nISRactive
                0x20001db9                handle_of_last_logged_task
                0x20001dbc                vTraceStopHookPtr
                0x20001dc0                objectHandleStacks
                0x20001e50                RecorderDataPtr
 .bss           0x20001e6c        0x0 FreeRTOS-Plus-Trace\trcStreamingRecorder.o
 .bss           0x20001e6c        0x0 app\src\GlobalParameters.o
 .bss           0x20001e6c        0x0 app\src\Register.o
 .bss           0x20001e6c        0x0 app\src\Task_ASSERV.o
 .bss           0x20001e6c        0x0 app\src\Task_CAN.o
 .bss           0x20001e6c        0x0 app\src\main.o
 .bss           0x20001e6c        0x0 app\src\printf-stdarg.o
 .bss           0x20001e6c        0x0 app\src\stm32f4xx_it.o
 .bss           0x20001e6c        0x0 bsp\src\bsp.o
 .bss           0x20001e6c        0x0 bsp\src\can.o
 .bss           0x20001e6c        0x0 bsp\src\delay.o
 .bss           0x20001e6c        0x0 bsp\src\encodeur.o
 .bss           0x20001e6c        0x0 cmsis\device\src\startup_stm32f429xx.o
 .bss           0x20001e6c        0x0 cmsis\device\src\system_stm32f4xx.o
 .bss           0x20001e6c        0x0 c:/program files (x86)/atollic/truestudio for stm32 9.1.0/armtools/bin/../lib/gcc/arm-atollic-eabi/6.3.1/../../../../arm-atollic-eabi/lib/armv7e-m/fpu\libc_nano.a(lib_a-init.o)
 .bss           0x20001e6c        0x0 c:/program files (x86)/atollic/truestudio for stm32 9.1.0/armtools/bin/../lib/gcc/arm-atollic-eabi/6.3.1/../../../../arm-atollic-eabi/lib/armv7e-m/fpu\libc_nano.a(lib_a-memcpy-stub.o)
 .bss           0x20001e6c        0x0 c:/program files (x86)/atollic/truestudio for stm32 9.1.0/armtools/bin/../lib/gcc/arm-atollic-eabi/6.3.1/../../../../arm-atollic-eabi/lib/armv7e-m/fpu\libc_nano.a(lib_a-memset.o)
 .bss           0x20001e6c        0x0 c:/program files (x86)/atollic/truestudio for stm32 9.1.0/armtools/bin/../lib/gcc/arm-atollic-eabi/6.3.1/../../../../arm-atollic-eabi/lib/armv7e-m/fpu\libc_nano.a(lib_a-strncmp.o)
 .bss           0x20001e6c        0x0 c:/program files (x86)/atollic/truestudio for stm32 9.1.0/armtools/bin/../lib/gcc/arm-atollic-eabi/6.3.1/armv7e-m/fpu\libgcc.a(_arm_addsubdf3.o)
 .bss           0x20001e6c        0x0 c:/program files (x86)/atollic/truestudio for stm32 9.1.0/armtools/bin/../lib/gcc/arm-atollic-eabi/6.3.1/armv7e-m/fpu\libgcc.a(_arm_cmpdf2.o)
 .bss           0x20001e6c        0x0 c:/program files (x86)/atollic/truestudio for stm32 9.1.0/armtools/bin/../lib/gcc/arm-atollic-eabi/6.3.1/armv7e-m/fpu\libgcc.a(_arm_fixunsdfsi.o)
 .bss           0x20001e6c        0x0 c:/program files (x86)/atollic/truestudio for stm32 9.1.0/armtools/bin/../lib/gcc/arm-atollic-eabi/6.3.1/armv7e-m/fpu\libgcc.a(_aeabi_uldivmod.o)
 .bss           0x20001e6c        0x0 c:/program files (x86)/atollic/truestudio for stm32 9.1.0/armtools/bin/../lib/gcc/arm-atollic-eabi/6.3.1/armv7e-m/fpu\libgcc.a(_udivmoddi4.o)
 .bss           0x20001e6c        0x0 c:/program files (x86)/atollic/truestudio for stm32 9.1.0/armtools/bin/../lib/gcc/arm-atollic-eabi/6.3.1/armv7e-m/fpu\libgcc.a(_dvmd_tls.o)
 .bss           0x20001e6c        0x0 c:/program files (x86)/atollic/truestudio for stm32 9.1.0/armtools/bin/../lib/gcc/arm-atollic-eabi/6.3.1/armv7e-m/fpu/crtend.o
 .bss           0x20001e6c        0x0 c:/program files (x86)/atollic/truestudio for stm32 9.1.0/armtools/bin/../lib/gcc/arm-atollic-eabi/6.3.1/armv7e-m/fpu/crtn.o
 *(.bss*)
 *(COMMON)
 COMMON         0x20001e6c        0x4 Drivers\src\stm32f4xx_hal.o
                0x20001e6c                uwTick
 COMMON         0x20001e70       0x20 Drivers\src\stm32f4xx_hal_flash.o
                0x20001e70                pFlash
 COMMON         0x20001e90     0x191c FreeRTOS-Plus-Trace\trcSnapshotRecorder.o
                0x20001e90                RecorderData
                0x200037a8                init_hwtc_count
 COMMON         0x200037ac       0x70 app\src\Register.o
                0x200037ac                REGS
 COMMON         0x2000381c       0x24 app\src\main.o
                0x2000381c                xCAN2Sem
                0x20003820                ue1
                0x20003824                vTaskCAN2_handle
                0x20003828                xConsoleMutex2
                0x2000382c                my_timer
                0x20003830                vTaskCAN1_handle
                0x20003834                xConsoleMutex
                0x20003838                ticks
                0x2000383c                xCAN1Sem
                0x20003840                . = ALIGN (0x4)
                0x20003840                _ebss = .
                0x20003840                __bss_end__ = _ebss

._user_heap_stack
                0x20003840      0x400
                0x20003840                . = ALIGN (0x4)
                [!provide]                PROVIDE (end, .)
                [!provide]                PROVIDE (_end, .)
                0x20003840                . = (. + _Min_Heap_Size)
                0x20003c40                . = (. + _Min_Stack_Size)
 *fill*         0x20003840      0x400 
                0x20003c40                . = ALIGN (0x4)

.memory_b1_text
 *(.mb1text)
 *(.mb1text*)
 *(.mb1rodata)
 *(.mb1rodata*)

/DISCARD/
 libc.a(*)
 libm.a(*)
 libgcc.a(*)

.ARM.attributes
                0x00000000       0x30
 *(.ARM.attributes)
 .ARM.attributes
                0x00000000       0x22 c:/program files (x86)/atollic/truestudio for stm32 9.1.0/armtools/bin/../lib/gcc/arm-atollic-eabi/6.3.1/armv7e-m/fpu/crti.o
 .ARM.attributes
                0x00000022       0x34 c:/program files (x86)/atollic/truestudio for stm32 9.1.0/armtools/bin/../lib/gcc/arm-atollic-eabi/6.3.1/armv7e-m/fpu/crtbegin.o
 .ARM.attributes
                0x00000056       0x39 Drivers\src\stm32f4xx_hal.o
 .ARM.attributes
                0x0000008f       0x39 Drivers\src\stm32f4xx_hal_can.o
 .ARM.attributes
                0x000000c8       0x39 Drivers\src\stm32f4xx_hal_cortex.o
 .ARM.attributes
                0x00000101       0x39 Drivers\src\stm32f4xx_hal_dma.o
 .ARM.attributes
                0x0000013a       0x39 Drivers\src\stm32f4xx_hal_dma_ex.o
 .ARM.attributes
                0x00000173       0x39 Drivers\src\stm32f4xx_hal_eth.o
 .ARM.attributes
                0x000001ac       0x39 Drivers\src\stm32f4xx_hal_flash.o
 .ARM.attributes
                0x000001e5       0x39 Drivers\src\stm32f4xx_hal_flash_ex.o
 .ARM.attributes
                0x0000021e       0x39 Drivers\src\stm32f4xx_hal_flash_ramfunc.o
 .ARM.attributes
                0x00000257       0x39 Drivers\src\stm32f4xx_hal_gpio.o
 .ARM.attributes
                0x00000290       0x39 Drivers\src\stm32f4xx_hal_pwr.o
 .ARM.attributes
                0x000002c9       0x39 Drivers\src\stm32f4xx_hal_pwr_ex.o
 .ARM.attributes
                0x00000302       0x39 Drivers\src\stm32f4xx_hal_rcc.o
 .ARM.attributes
                0x0000033b       0x39 Drivers\src\stm32f4xx_hal_rcc_ex.o
 .ARM.attributes
                0x00000374       0x39 Drivers\src\stm32f4xx_hal_tim.o
 .ARM.attributes
                0x000003ad       0x39 Drivers\src\stm32f4xx_hal_tim_ex.o
 .ARM.attributes
                0x000003e6       0x39 Drivers\src\stm32f4xx_hal_uart.o
 .ARM.attributes
                0x0000041f       0x39 FreeRTOS\croutine.o
 .ARM.attributes
                0x00000458       0x39 FreeRTOS\event_groups.o
 .ARM.attributes
                0x00000491       0x39 FreeRTOS\list.o
 .ARM.attributes
                0x000004ca       0x39 FreeRTOS\portable\GCC\ARM_CM4F\port.o
 .ARM.attributes
                0x00000503       0x39 FreeRTOS\portable\MemMang\heap_1.o
 .ARM.attributes
                0x0000053c       0x39 FreeRTOS\queue.o
 .ARM.attributes
                0x00000575       0x39 FreeRTOS\stream_buffer.o
 .ARM.attributes
                0x000005ae       0x39 FreeRTOS\tasks.o
 .ARM.attributes
                0x000005e7       0x39 FreeRTOS\timers.o
 .ARM.attributes
                0x00000620       0x39 FreeRTOS-Plus-Trace\trcKernelPort.o
 .ARM.attributes
                0x00000659       0x39 FreeRTOS-Plus-Trace\trcSnapshotRecorder.o
 .ARM.attributes
                0x00000692       0x39 FreeRTOS-Plus-Trace\trcStreamingRecorder.o
 .ARM.attributes
                0x000006cb       0x39 app\src\GlobalParameters.o
 .ARM.attributes
                0x00000704       0x39 app\src\Register.o
 .ARM.attributes
                0x0000073d       0x39 app\src\Task_ASSERV.o
 .ARM.attributes
                0x00000776       0x39 app\src\Task_CAN.o
 .ARM.attributes
                0x000007af       0x39 app\src\main.o
 .ARM.attributes
                0x000007e8       0x39 app\src\printf-stdarg.o
 .ARM.attributes
                0x00000821       0x39 app\src\stm32f4xx_it.o
 .ARM.attributes
                0x0000085a       0x39 bsp\src\bsp.o
 .ARM.attributes
                0x00000893       0x39 bsp\src\can.o
 .ARM.attributes
                0x000008cc       0x39 bsp\src\delay.o
 .ARM.attributes
                0x00000905       0x39 bsp\src\encodeur.o
 .ARM.attributes
                0x0000093e       0x21 cmsis\device\src\startup_stm32f429xx.o
 .ARM.attributes
                0x0000095f       0x39 cmsis\device\src\system_stm32f4xx.o
 .ARM.attributes
                0x00000998       0x34 c:/program files (x86)/atollic/truestudio for stm32 9.1.0/armtools/bin/../lib/gcc/arm-atollic-eabi/6.3.1/../../../../arm-atollic-eabi/lib/armv7e-m/fpu\libc_nano.a(lib_a-init.o)
 .ARM.attributes
                0x000009cc       0x34 c:/program files (x86)/atollic/truestudio for stm32 9.1.0/armtools/bin/../lib/gcc/arm-atollic-eabi/6.3.1/../../../../arm-atollic-eabi/lib/armv7e-m/fpu\libc_nano.a(lib_a-memcpy-stub.o)
 .ARM.attributes
[...]
pxPortInitialiseStack                             FreeRTOS\portable\GCC\ARM_CM4F\port.o
                                                  FreeRTOS\tasks.o
recorder_busy                                     FreeRTOS-Plus-Trace\trcSnapshotRecorder.o
strncmp                                           c:/program files (x86)/atollic/truestudio for stm32 9.1.0/armtools/bin/../lib/gcc/arm-atollic-eabi/6.3.1/../../../../arm-atollic-eabi/lib/armv7e-m/fpu\libc_nano.a(lib_a-strncmp.o)
                                                  FreeRTOS-Plus-Trace\trcSnapshotRecorder.o
ticks                                             app\src\main.o
timestampFrequency                                FreeRTOS-Plus-Trace\trcSnapshotRecorder.o
traceErrorMessage                                 FreeRTOS-Plus-Trace\trcSnapshotRecorder.o
trace_disable_timestamp                           FreeRTOS-Plus-Trace\trcSnapshotRecorder.o
ucQueueGetQueueType                               FreeRTOS\queue.o
                                                  FreeRTOS-Plus-Trace\trcKernelPort.o
ucStreamBufferGetStreamBufferType                 FreeRTOS\stream_buffer.o
ue1                                               app\src\main.o
uiInEventGroupSetBitsFromISR                      FreeRTOS-Plus-Trace\trcKernelPort.o
uiIndexOfObject                                   FreeRTOS-Plus-Trace\trcSnapshotRecorder.o
uiTraceGetTraceBufferSize                         FreeRTOS-Plus-Trace\trcSnapshotRecorder.o
uiTraceStart                                      FreeRTOS-Plus-Trace\trcSnapshotRecorder.o
uiTraceTickCount                                  FreeRTOS-Plus-Trace\trcSnapshotRecorder.o
                                                  FreeRTOS\tasks.o
ulTaskNotifyTake                                  FreeRTOS\tasks.o
uwTick                                            Drivers\src\stm32f4xx_hal.o
uwTickFreq                                        Drivers\src\stm32f4xx_hal.o
uwTickPrio                                        Drivers\src\stm32f4xx_hal.o
uxEventGroupGetNumber                             FreeRTOS\event_groups.o
uxListRemove                                      FreeRTOS\list.o
                                                  FreeRTOS\timers.o
                                                  FreeRTOS\tasks.o
uxQueueGetQueueNumber                             FreeRTOS\queue.o
                                                  FreeRTOS-Plus-Trace\trcKernelPort.o
uxQueueMessagesWaiting                            FreeRTOS\queue.o
uxQueueMessagesWaitingFromISR                     FreeRTOS\queue.o
uxQueueSpacesAvailable                            FreeRTOS\queue.o
uxStreamBufferGetStreamBufferNumber               FreeRTOS\stream_buffer.o
uxTaskGetNumberOfTasks                            FreeRTOS\tasks.o
uxTaskGetSystemState                              FreeRTOS\tasks.o
uxTaskGetTaskNumber                               FreeRTOS\tasks.o
                                                  FreeRTOS-Plus-Trace\trcKernelPort.o
uxTaskPriorityGet                                 FreeRTOS\tasks.o
uxTaskPriorityGetFromISR                          FreeRTOS\tasks.o
uxTaskResetEventItemValue                         FreeRTOS\tasks.o
                                                  FreeRTOS\event_groups.o
uxTimerGetTimerNumber                             FreeRTOS\timers.o
vEventGroupClearBitsCallback                      FreeRTOS\event_groups.o
vEventGroupDelete                                 FreeRTOS\event_groups.o
vEventGroupSetBitsCallback                        FreeRTOS\event_groups.o
vEventGroupSetNumber                              FreeRTOS\event_groups.o
vListInitialise                                   FreeRTOS\list.o
                                                  FreeRTOS\timers.o
                                                  FreeRTOS\tasks.o
                                                  FreeRTOS\queue.o
                                                  FreeRTOS\event_groups.o
vListInitialiseItem                               FreeRTOS\list.o
                                                  FreeRTOS\timers.o
                                                  FreeRTOS\tasks.o
vListInsert                                       FreeRTOS\list.o
                                                  FreeRTOS\timers.o
                                                  FreeRTOS\tasks.o
vListInsertEnd                                    FreeRTOS\list.o
                                                  FreeRTOS\tasks.o
vPortEndScheduler                                 FreeRTOS\portable\GCC\ARM_CM4F\port.o
                                                  FreeRTOS\tasks.o
vPortEnterCritical                                FreeRTOS\portable\GCC\ARM_CM4F\port.o
                                                  FreeRTOS\timers.o
                                                  FreeRTOS\tasks.o
                                                  FreeRTOS\stream_buffer.o
                                                  FreeRTOS\queue.o
                                                  FreeRTOS\event_groups.o
vPortExitCritical                                 FreeRTOS\portable\GCC\ARM_CM4F\port.o
                                                  FreeRTOS\timers.o
                                                  FreeRTOS\tasks.o
                                                  FreeRTOS\stream_buffer.o
                                                  FreeRTOS\queue.o
                                                  FreeRTOS\event_groups.o
vPortFree                                         FreeRTOS\portable\MemMang\heap_1.o
                                                  FreeRTOS\timers.o
                                                  FreeRTOS\tasks.o
                                                  FreeRTOS\stream_buffer.o
                                                  FreeRTOS\queue.o
                                                  FreeRTOS\event_groups.o
vPortInitialiseBlocks                             FreeRTOS\portable\MemMang\heap_1.o
vPortSetupTimerInterrupt                          FreeRTOS\portable\GCC\ARM_CM4F\port.o
vPortValidateInterruptPriority                    FreeRTOS\portable\GCC\ARM_CM4F\port.o
                                                  FreeRTOS\tasks.o
                                                  FreeRTOS\queue.o
vQueueDelete                                      FreeRTOS\queue.o
vQueueSetQueueNumber                              FreeRTOS\queue.o
                                                  FreeRTOS-Plus-Trace\trcKernelPort.o
vQueueWaitForMessageRestricted                    FreeRTOS\queue.o
                                                  FreeRTOS\timers.o
vStreamBufferDelete                               FreeRTOS\stream_buffer.o
vStreamBufferSetStreamBufferNumber                FreeRTOS\stream_buffer.o
vTaskCAN1_handle                                  app\src\main.o
vTaskCAN2_handle                                  app\src\main.o
vTaskDelay                                        FreeRTOS\tasks.o
                                                  app\src\Task_CAN.o
                                                  app\src\Task_ASSERV.o
vTaskDelayUntil                                   FreeRTOS\tasks.o
vTaskDelete                                       FreeRTOS\tasks.o
vTaskEndScheduler                                 FreeRTOS\tasks.o
vTaskGetInfo                                      FreeRTOS\tasks.o
vTaskInternalSetTimeOutState                      FreeRTOS\tasks.o
                                                  FreeRTOS\queue.o
vTaskMissedYield                                  FreeRTOS\tasks.o
                                                  FreeRTOS\queue.o
vTaskNotifyGiveFromISR                            FreeRTOS\tasks.o
vTaskPlaceOnEventList                             FreeRTOS\tasks.o
                                                  FreeRTOS\queue.o
vTaskPlaceOnEventListRestricted                   FreeRTOS\tasks.o
                                                  FreeRTOS\queue.o
vTaskPlaceOnUnorderedEventList                    FreeRTOS\tasks.o
                                                  FreeRTOS\event_groups.o
vTaskPriorityDisinheritAfterTimeout               FreeRTOS\tasks.o
                                                  FreeRTOS\queue.o
vTaskPrioritySet                                  FreeRTOS\tasks.o
vTaskRemoveFromUnorderedEventList                 FreeRTOS\tasks.o
                                                  FreeRTOS\event_groups.o
vTaskResume                                       FreeRTOS\tasks.o
vTaskSetTaskNumber                                FreeRTOS\tasks.o
                                                  FreeRTOS-Plus-Trace\trcKernelPort.o
vTaskSetTimeOutState                              FreeRTOS\tasks.o
                                                  FreeRTOS\stream_buffer.o
vTaskStartScheduler                               FreeRTOS\tasks.o
                                                  app\src\main.o
vTaskSuspend                                      FreeRTOS\tasks.o
vTaskSuspendAll                                   FreeRTOS\tasks.o
                                                  FreeRTOS\timers.o
                                                  FreeRTOS\stream_buffer.o
                                                  FreeRTOS\queue.o
                                                  FreeRTOS\portable\MemMang\heap_1.o
                                                  FreeRTOS\event_groups.o
vTaskSwitchContext                                FreeRTOS\tasks.o
                                                  FreeRTOS\portable\GCC\ARM_CM4F\port.o
vTaskTimer                                        app\src\main.o
vTask_ASSERV                                      app\src\Task_ASSERV.o
                                                  app\src\main.o
vTask_CAN1                                        app\src\Task_CAN.o
                                                  app\src\main.o
vTask_CAN2                                        app\src\Task_CAN.o
                                                  app\src\main.o
vTimerSetTimerID                                  FreeRTOS\timers.o
vTimerSetTimerNumber                              FreeRTOS\timers.o
vTraceClear                                       FreeRTOS-Plus-Trace\trcSnapshotRecorder.o
vTraceClearError                                  FreeRTOS-Plus-Trace\trcSnapshotRecorder.o
vTraceEnable                                      FreeRTOS-Plus-Trace\trcSnapshotRecorder.o
                                                  app\src\main.o
vTraceInitObjectHandleStack                       FreeRTOS-Plus-Trace\trcKernelPort.o
                                                  FreeRTOS-Plus-Trace\trcSnapshotRecorder.o
vTraceInitObjectPropertyTable                     FreeRTOS-Plus-Trace\trcKernelPort.o
                                                  FreeRTOS-Plus-Trace\trcSnapshotRecorder.o
vTraceInstanceFinishedNext                        FreeRTOS-Plus-Trace\trcSnapshotRecorder.o
vTraceInstanceFinishedNow                         FreeRTOS-Plus-Trace\trcSnapshotRecorder.o
vTracePrint                                       FreeRTOS-Plus-Trace\trcSnapshotRecorder.o
vTracePrintF                                      FreeRTOS-Plus-Trace\trcSnapshotRecorder.o
vTraceSetFilterGroup                              FreeRTOS-Plus-Trace\trcSnapshotRecorder.o
vTraceSetFilterMask                               FreeRTOS-Plus-Trace\trcSnapshotRecorder.o
vTraceSetFrequency                                FreeRTOS-Plus-Trace\trcSnapshotRecorder.o
vTraceSetMutexName                                FreeRTOS-Plus-Trace\trcKernelPort.o
vTraceSetQueueName                                FreeRTOS-Plus-Trace\trcKernelPort.o
vTraceSetSemaphoreName                            FreeRTOS-Plus-Trace\trcKernelPort.o
vTraceSetStopHook                                 FreeRTOS-Plus-Trace\trcSnapshotRecorder.o
vTraceStart                                       FreeRTOS-Plus-Trace\trcSnapshotRecorder.o
vTraceStop                                        FreeRTOS-Plus-Trace\trcSnapshotRecorder.o
vTraceStopHookPtr                                 FreeRTOS-Plus-Trace\trcSnapshotRecorder.o
vTraceStoreISRBegin                               FreeRTOS-Plus-Trace\trcSnapshotRecorder.o
vTraceStoreISREnd                                 FreeRTOS-Plus-Trace\trcSnapshotRecorder.o
xCAN1Sem                                          app\src\main.o
xCAN2Sem                                          app\src\main.o
xConsoleMutex                                     app\src\main.o
xConsoleMutex2                                    app\src\main.o
xEventGroupClearBits                              FreeRTOS\event_groups.o
xEventGroupCreate                                 FreeRTOS\event_groups.o
xEventGroupGetBitsFromISR                         FreeRTOS\event_groups.o
xEventGroupSetBits                                FreeRTOS\event_groups.o
xEventGroupSync                                   FreeRTOS\event_groups.o
xEventGroupWaitBits                               FreeRTOS\event_groups.o
xPortGetFreeHeapSize                              FreeRTOS\portable\MemMang\heap_1.o
xPortStartScheduler                               FreeRTOS\portable\GCC\ARM_CM4F\port.o
                                                  FreeRTOS\tasks.o
xQueueCreateMutex                                 FreeRTOS\queue.o
                                                  app\src\main.o
xQueueGenericCreate                               FreeRTOS\queue.o
                                                  app\src\main.o
                                                  FreeRTOS\timers.o
xQueueGenericReset                                FreeRTOS\queue.o
xQueueGenericSend                                 FreeRTOS\queue.o
                                                  FreeRTOS\timers.o
xQueueGenericSendFromISR                          FreeRTOS\queue.o
                                                  FreeRTOS\timers.o
xQueueGiveFromISR                                 FreeRTOS\queue.o
xQueueIsQueueEmptyFromISR                         FreeRTOS\queue.o
xQueueIsQueueFullFromISR                          FreeRTOS\queue.o
xQueuePeek                                        FreeRTOS\queue.o
xQueuePeekFromISR                                 FreeRTOS\queue.o
xQueueReceive                                     FreeRTOS\queue.o
                                                  FreeRTOS\timers.o
xQueueReceiveFromISR                              FreeRTOS\queue.o
xQueueSemaphoreTake                               FreeRTOS\queue.o
xStreamBufferBytesAvailable                       FreeRTOS\stream_buffer.o
xStreamBufferGenericCreate                        FreeRTOS\stream_buffer.o
xStreamBufferIsEmpty                              FreeRTOS\stream_buffer.o
xStreamBufferIsFull                               FreeRTOS\stream_buffer.o
xStreamBufferNextMessageLengthBytes               FreeRTOS\stream_buffer.o
xStreamBufferReceive                              FreeRTOS\stream_buffer.o
xStreamBufferReceiveCompletedFromISR              FreeRTOS\stream_buffer.o
xStreamBufferReceiveFromISR                       FreeRTOS\stream_buffer.o
xStreamBufferReset                                FreeRTOS\stream_buffer.o
xStreamBufferSend                                 FreeRTOS\stream_buffer.o
xStreamBufferSendCompletedFromISR                 FreeRTOS\stream_buffer.o
xStreamBufferSendFromISR                          FreeRTOS\stream_buffer.o
xStreamBufferSetTriggerLevel                      FreeRTOS\stream_buffer.o
xStreamBufferSpacesAvailable                      FreeRTOS\stream_buffer.o
xTaskCheckForTimeOut                              FreeRTOS\tasks.o
                                                  FreeRTOS\stream_buffer.o
                                                  FreeRTOS\queue.o
xTaskCreate                                       FreeRTOS\tasks.o
                                                  app\src\main.o
                                                  FreeRTOS\timers.o
xTaskGenericNotify                                FreeRTOS\tasks.o
                                                  FreeRTOS\stream_buffer.o
xTaskGenericNotifyFromISR                         FreeRTOS\tasks.o
                                                  FreeRTOS\stream_buffer.o
xTaskGetCurrentTaskHandle                         FreeRTOS\tasks.o
                                                  FreeRTOS-Plus-Trace\trcKernelPort.o
                                                  FreeRTOS\stream_buffer.o
xTaskGetSchedulerState                            FreeRTOS\tasks.o
                                                  FreeRTOS-Plus-Trace\trcKernelPort.o
                                                  FreeRTOS\timers.o
                                                  FreeRTOS\queue.o
                                                  FreeRTOS\event_groups.o
xTaskGetTickCount                                 FreeRTOS\tasks.o
                                                  app\src\main.o
                                                  FreeRTOS\timers.o
xTaskGetTickCountFromISR                          FreeRTOS\tasks.o
xTaskIncrementTick                                FreeRTOS\tasks.o
                                                  FreeRTOS\portable\GCC\ARM_CM4F\port.o
xTaskNotifyStateClear                             FreeRTOS\tasks.o
                                                  FreeRTOS\stream_buffer.o
xTaskNotifyWait                                   FreeRTOS\tasks.o
                                                  FreeRTOS\stream_buffer.o
xTaskPriorityDisinherit                           FreeRTOS\tasks.o
                                                  FreeRTOS\queue.o
xTaskPriorityInherit                              FreeRTOS\tasks.o
                                                  FreeRTOS\queue.o
xTaskRemoveFromEventList                          FreeRTOS\tasks.o
                                                  FreeRTOS\queue.o
xTaskResumeAll                                    FreeRTOS\tasks.o
                                                  FreeRTOS\timers.o
                                                  FreeRTOS\stream_buffer.o
                                                  FreeRTOS\queue.o
                                                  FreeRTOS\portable\MemMang\heap_1.o
                                                  FreeRTOS\event_groups.o
xTaskResumeFromISR                                FreeRTOS\tasks.o
xTimerCreate                                      FreeRTOS\timers.o
                                                  app\src\main.o
xTimerCreateTimerTask                             FreeRTOS\timers.o
                                                  FreeRTOS\tasks.o
xTimerGenericCommand                              FreeRTOS\timers.o
                                                  app\src\main.o
xTimerGetExpiryTime                               FreeRTOS\timers.o
                                                  app\src\main.o
xTimerGetPeriod                                   FreeRTOS\timers.o
xTimerGetTimerDaemonTaskHandle                    FreeRTOS\timers.o
xTimerIsTimerActive                               FreeRTOS\timers.o
xTraceGetLastError                                FreeRTOS-Plus-Trace\trcSnapshotRecorder.o
xTraceGetTraceBuffer                              FreeRTOS-Plus-Trace\trcSnapshotRecorder.o
xTraceIsRecordingEnabled                          FreeRTOS-Plus-Trace\trcSnapshotRecorder.o
xTraceRegisterString                              FreeRTOS-Plus-Trace\trcSnapshotRecorder.o
                                                  app\src\main.o
xTraceSetISRProperties                            FreeRTOS-Plus-Trace\trcSnapshotRecorder.o
