trcKernelPort.c:133:10:prvTraceGetQueueNumber	16	static
trcKernelPort.c:139:9:prvTraceGetQueueType	16	static
trcKernelPort.c:146:10:prvTraceGetTaskNumberLow16	16	static
trcKernelPort.c:151:10:prvTraceGetTaskNumberHigh16	16	static
trcKernelPort.c:156:6:prvTraceSetTaskNumberLow16	16	static
trcKernelPort.c:161:6:prvTraceSetTaskNumberHigh16	16	static
trcKernelPort.c:166:10:prvTraceGetQueueNumberLow16	16	static
trcKernelPort.c:171:10:prvTraceGetQueueNumberHigh16	16	static
trcKernelPort.c:176:6:prvTraceSetQueueNumberLow16	16	static
trcKernelPort.c:181:6:prvTraceSetQueueNumberHigh16	16	static
trcKernelPort.c:638:6:vTraceSetQueueName	16	static
trcKernelPort.c:651:6:vTraceSetSemaphoreName	16	static
trcKernelPort.c:664:6:vTraceSetMutexName	16	static
trcKernelPort.c:714:7:prvTraceGetCurrentTaskHandle	8	static
trcKernelPort.c:720:6:vTraceInitObjectPropertyTable	4	static
trcKernelPort.c:763:6:vTraceInitObjectHandleStack	4	static
trcKernelPort.c:787:13:pszTraceGetErrorNotEnoughHandles	16	static
trcKernelPort.c:821:15:prvTraceIsSchedulerSuspended	8	static
