trcSnapshotRecorder.c:235:6:vTraceEnable	16	static
trcSnapshotRecorder.c:274:6:vTraceSetStopHook	16	static
trcSnapshotRecorder.c:285:6:vTraceClear	24	static
trcSnapshotRecorder.c:316:10:uiTraceStart	32	static
trcSnapshotRecorder.c:366:6:vTraceStart	8	static
trcSnapshotRecorder.c:377:6:vTraceStop	8	static
trcSnapshotRecorder.c:394:5:xTraceIsRecordingEnabled	4	static
trcSnapshotRecorder.c:412:13:xTraceGetLastError	4	static
trcSnapshotRecorder.c:425:6:vTraceClearError	4	static
trcSnapshotRecorder.c:442:7:xTraceGetTraceBuffer	4	static
trcSnapshotRecorder.c:454:10:uiTraceGetTraceBufferSize	4	static
trcSnapshotRecorder.c:464:13:prvTraceTaskInstanceFinish	40	static
trcSnapshotRecorder.c:512:6:vTraceInstanceFinishedNext	8	static
trcSnapshotRecorder.c:541:6:vTraceInstanceFinishedNow	8	static
trcSnapshotRecorder.c:570:14:xTraceSetISRProperties	16	static
trcSnapshotRecorder.c:603:6:vTraceStoreISRBegin	40	static
trcSnapshotRecorder.c:682:6:vTraceStoreISREnd	48	static
trcSnapshotRecorder.c:773:16:writeInt8	16	static
trcSnapshotRecorder.c:794:16:writeInt16	16	static
trcSnapshotRecorder.c:822:16:writeInt32	24	static
trcSnapshotRecorder.c:918:16:prvTraceUserEventFormat	40	static
trcSnapshotRecorder.c:1331:6:vTracePrintF	28	static
trcSnapshotRecorder.c:1342:6:vTracePrintF_Helper	88	static
trcSnapshotRecorder.c:1467:6:vTracePrint	40	static
trcSnapshotRecorder.c:1523:13:xTraceRegisterString	16	static
trcSnapshotRecorder.c:1534:6:prvTraceSetReadyEventsEnabled	16	static
trcSnapshotRecorder.c:1544:6:prvTraceStoreTaskReady	40	static
trcSnapshotRecorder.c:1608:6:prvTraceStoreLowPower	40	static
trcSnapshotRecorder.c:1735:6:prvTraceStoreKernelCall	48	static
trcSnapshotRecorder.c:1793:6:prvTraceStoreKernelCallWithParam	48	static
trcSnapshotRecorder.c:1853:17:prvTraceGetParam	24	static
trcSnapshotRecorder.c:1887:6:prvTraceStoreKernelCallWithNumericParamOnly	48	static
trcSnapshotRecorder.c:1937:6:prvTraceStoreTaskswitch	40	static
trcSnapshotRecorder.c:1997:6:prvTraceStoreObjectNameOnCloseEvent	40	static
trcSnapshotRecorder.c:2027:6:prvTraceStoreObjectPropertiesOnCloseEvent	32	static
trcSnapshotRecorder.c:2057:6:prvTraceSetPriorityProperty	24	static
trcSnapshotRecorder.c:2067:9:prvTraceGetPriorityProperty	24	static
trcSnapshotRecorder.c:2077:6:prvTraceSetObjectState	24	static
trcSnapshotRecorder.c:2087:9:prvTraceGetObjectState	24	static
trcSnapshotRecorder.c:2097:6:prvTraceSetTaskInstanceFinished	24	static
trcSnapshotRecorder.c:2142:6:prvTraceInitTraceData	8	static
trcSnapshotRecorder.c:2264:7:prvTraceNextFreeEventBufferSlot	8	static
trcSnapshotRecorder.c:2281:10:uiIndexOfObject	16	static
trcSnapshotRecorder.c:2299:13:prvTraceGetObjectHandle	40	static
trcSnapshotRecorder.c:2351:6:prvTraceFreeObjectHandle	24	static
trcSnapshotRecorder.c:2382:6:prvMarkObjectAsUsed	24	static
trcSnapshotRecorder.c:2393:13:prvStrncpy	32	static
trcSnapshotRecorder.c:2410:6:prvTraceSetObjectName	16	static
trcSnapshotRecorder.c:2448:13:prvTraceOpenSymbol	40	static
trcSnapshotRecorder.c:2487:6:vTraceSetFrequency	16	static
trcSnapshotRecorder.c:2508:6:prvTraceError	16	static
trcSnapshotRecorder.c:2528:6:vTraceSetFilterMask	16	static
trcSnapshotRecorder.c:2533:6:vTraceSetFilterGroup	16	static
trcSnapshotRecorder.c:2599:6:prvTraceUpdateCounters	8	static
trcSnapshotRecorder.c:2635:10:prvTraceGetDTS	40	static
trcSnapshotRecorder.c:2753:13:prvTraceLookupSymbolTableEntry	24	static
trcSnapshotRecorder.c:2796:10:prvTraceCreateSymbolTableEntry	24	static
trcSnapshotRecorder.c:2857:6:prvTraceGetChecksum	40	static
trcSnapshotRecorder.c:2929:6:prvTraceInitCortexM	8	static
trcSnapshotRecorder.c:2994:6:prvTracePortGetTimeStamp	32	static
